Component: ARM Compiler 5.05 update 1 (build 106) Tool: armlink [4d35ed]

==============================================================================

Section Cross References

    hc595.o(i.out595_datdu) refers to systick.o(i.SysTick_delay_us) for SysTick_delay_us
    hc595.o(i.show_Chinese) refers to hc595.o(i.GPIO_INIT) for GPIO_INIT
    hc595.o(i.show_Chinese) refers to hc595.o(i.out595_datdu) for out595_datdu
    hc595.o(i.show_Chinese) refers to systick.o(i.SysTick_delay_us) for SysTick_delay_us
    hc595.o(i.show_Chinese) refers to hc595.o(.bss) for .bss
    hc595.o(i.show_many_Chinese) refers to hc595.o(i.GPIO_INIT) for GPIO_INIT
    hc595.o(i.show_many_Chinese) refers to w25q64.o(i.w25q64_read) for w25q64_read
    hc595.o(i.show_many_Chinese) refers to strlen.o(.text) for strlen
    hc595.o(i.show_many_Chinese) refers to key.o(i.key_scan) for key_scan
    hc595.o(i.show_many_Chinese) refers to hc595.o(i.out595_datdu) for out595_datdu
    hc595.o(i.show_many_Chinese) refers to systick.o(i.SysTick_delay_us) for SysTick_delay_us
    hc595.o(i.show_many_Chinese) refers to hc595.o(.bss) for .bss
    hc595.o(i.show_string) refers to hc595.o(i.GPIO_INIT) for GPIO_INIT
    hc595.o(i.show_string) refers to strlen.o(.text) for strlen
    hc595.o(i.show_string) refers to key.o(i.key_scan) for key_scan
    hc595.o(i.show_string) refers to hc595.o(i.out595_datdu) for out595_datdu
    hc595.o(i.show_string) refers to systick.o(i.SysTick_delay_us) for SysTick_delay_us
    hc595.o(i.show_string) refers to hc595.o(.constdata) for .constdata
    hc595.o(i.show_string) refers to hc595.o(.bss) for .bss
    hc595.o(i.show_time) refers to memcpya.o(.text) for __aeabi_memcpy4
    hc595.o(i.show_time) refers to hc595.o(i.GPIO_INIT) for GPIO_INIT
    hc595.o(i.show_time) refers to rtc.o(i.rtc_get) for rtc_get
    hc595.o(i.show_time) refers to printfa.o(i.__0sprintf) for __2sprintf
    hc595.o(i.show_time) refers to strlen.o(.text) for strlen
    hc595.o(i.show_time) refers to key.o(i.key_scan) for key_scan
    hc595.o(i.show_time) refers to hc595.o(i.out595_datdu) for out595_datdu
    hc595.o(i.show_time) refers to systick.o(i.SysTick_delay_us) for SysTick_delay_us
    hc595.o(i.show_time) refers to hc595.o(.constdata) for .constdata
    hc595.o(i.show_time) refers to hc595.o(.bss) for .bss
    hc595.o(i.show_time) refers to rtc.o(.data) for rtc_dev
    key.o(i.key_scan) refers to systick.o(i.SysTick_delay_ms) for SysTick_delay_ms
    key.o(i.key_scan) refers to key.o(.data) for .data
    main.o(i.main) refers to misc_1.o(i.NVIC_PriorityGroupConfig) for NVIC_PriorityGroupConfig
    main.o(i.main) refers to delay.o(i.delay_init) for delay_init
    main.o(i.main) refers to debug.o(i.debug_init) for debug_init
    main.o(i.main) refers to led.o(i.LED_Init) for LED_Init
    main.o(i.main) refers to spi.o(i.Spi1_init) for Spi1_init
    main.o(i.main) refers to printfa.o(i.__0printf) for __2printf
    main.o(i.main) refers to tasks.o(i.xTaskCreate) for xTaskCreate
    main.o(i.main) refers to queue.o(i.xQueueGenericReceive) for xQueueGenericReceive
    main.o(i.main) refers to strrchr.o(.text) for strrchr
    main.o(i.main) refers to queue.o(i.xQueueGenericSend) for xQueueGenericSend
    main.o(i.main) refers to tasks.o(i.vTaskStartScheduler) for vTaskStartScheduler
    main.o(i.main) refers to main.o(.conststring) for .conststring
    main.o(i.main) refers to system.o(i.AppTask) for AppTask
    main.o(i.main) refers to debug.o(.data) for debugMutex
    main.o(i.main) refers to main.o(.constdata) for .constdata
    rtc.o(i.rtc_get) refers to rtc.o(i.bcdtodec) for bcdtodec
    rtc.o(i.rtc_init) refers to rtc.o(i.rtc_set) for rtc_set
    rtc.o(i.rtc_init) refers to rtc.o(.data) for .data
    rtc.o(i.rtc_set) refers to rtc.o(i.dectobcd) for dectobcd
    spi.o(i.SPI1_Send_Read) refers to stm32f4xx_spi.o(i.SPI_I2S_GetFlagStatus) for SPI_I2S_GetFlagStatus
    spi.o(i.SPI1_Send_Read) refers to stm32f4xx_spi.o(i.SPI_I2S_SendData) for SPI_I2S_SendData
    spi.o(i.SPI1_Send_Read) refers to stm32f4xx_spi.o(i.SPI_I2S_ReceiveData) for SPI_I2S_ReceiveData
    usart1.o(i.USART1_IRQHandler) refers to usart1.o(.bss) for .bss
    usart1.o(i.USART1_IRQHandler) refers to usart1.o(.data) for .data
    w25q64.o(i.w25q64_block_erase) refers to w25q64.o(i.w25q64_write_enable) for w25q64_write_enable
    w25q64.o(i.w25q64_block_erase) refers to w25q64.o(i.w25q64_read_status) for w25q64_read_status
    w25q64.o(i.w25q64_block_erase) refers to spi.o(i.SPI1_Send_Read) for SPI1_Send_Read
    w25q64.o(i.w25q64_chip_erase) refers to w25q64.o(i.w25q64_write_enable) for w25q64_write_enable
    w25q64.o(i.w25q64_chip_erase) refers to w25q64.o(i.w25q64_read_status) for w25q64_read_status
    w25q64.o(i.w25q64_chip_erase) refers to spi.o(i.SPI1_Send_Read) for SPI1_Send_Read
    w25q64.o(i.w25q64_page_program) refers to w25q64.o(i.w25q64_write_enable) for w25q64_write_enable
[...]
    i.w25q64_read_ID                         0x080050d8   Section        0  w25q64.o(i.w25q64_read_ID)
    i.xPortStartScheduler                    0x08005124   Section        0  port.o(i.xPortStartScheduler)
    i.xPortSysTickHandler                    0x08005204   Section        0  port.o(i.xPortSysTickHandler)
    i.xQueueCreateMutex                      0x08005230   Section        0  queue.o(i.xQueueCreateMutex)
    i.xQueueGenericCreate                    0x08005248   Section        0  queue.o(i.xQueueGenericCreate)
    i.xQueueGenericReceive                   0x0800528c   Section        0  queue.o(i.xQueueGenericReceive)
    i.xQueueGenericReset                     0x08005414   Section        0  queue.o(i.xQueueGenericReset)
    i.xQueueGenericSend                      0x080054a0   Section        0  queue.o(i.xQueueGenericSend)
    i.xQueueGenericSendFromISR               0x08005604   Section        0  queue.o(i.xQueueGenericSendFromISR)
    i.xTaskCheckForTimeOut                   0x080056c4   Section        0  tasks.o(i.xTaskCheckForTimeOut)
    i.xTaskCreate                            0x08005738   Section        0  tasks.o(i.xTaskCreate)
    i.xTaskGetSchedulerState                 0x08005798   Section        0  tasks.o(i.xTaskGetSchedulerState)
    i.xTaskGetTickCount                      0x080057b4   Section        0  tasks.o(i.xTaskGetTickCount)
    i.xTaskIncrementTick                     0x080057c0   Section        0  tasks.o(i.xTaskIncrementTick)
    i.xTaskPriorityDisinherit                0x0800588c   Section        0  tasks.o(i.xTaskPriorityDisinherit)
    i.xTaskRemoveFromEventList               0x08005924   Section        0  tasks.o(i.xTaskRemoveFromEventList)
    i.xTaskResumeAll                         0x080059a0   Section        0  tasks.o(i.xTaskResumeAll)
    i.xTimerCreateTimerTask                  0x08005a6c   Section        0  timers.o(i.xTimerCreateTimerTask)
    i.xTimerGenericCommand                   0x08005abc   Section        0  timers.o(i.xTimerGenericCommand)
    .constdata                               0x08005b24   Section        5  main.o(.constdata)
    __FUNCTION__                             0x08005b24   Data           5  main.o(.constdata)
    .conststring                             0x08005b2c   Section       65  main.o(.conststring)
    .data                                    0x20000000   Section        1  usart1.o(.data)
    i                                        0x20000000   Data           1  usart1.o(.data)
    .data                                    0x20000004   Section       16  sdio_sdcard.o(.data)
    CardType                                 0x20000004   Data           1  sdio_sdcard.o(.data)
    DeviceMode                               0x20000005   Data           1  sdio_sdcard.o(.data)
    StopCondition                            0x20000006   Data           1  sdio_sdcard.o(.data)
    RCA                                      0x2000000c   Data           4  sdio_sdcard.o(.data)
    .data                                    0x20000014   Section        4  delay.o(.data)
    fac_us                                   0x20000014   Data           1  delay.o(.data)
    fac_ms                                   0x20000016   Data           2  delay.o(.data)
    .data                                    0x20000018   Section       20  system_stm32f4xx.o(.data)
    .data                                    0x2000002c   Section       60  tasks.o(.data)
    uxDeletedTasksWaitingCleanUp             0x20000030   Data           4  tasks.o(.data)
    uxCurrentNumberOfTasks                   0x20000034   Data           4  tasks.o(.data)
    xTickCount                               0x20000038   Data           4  tasks.o(.data)
    uxTopReadyPriority                       0x2000003c   Data           4  tasks.o(.data)
    xSchedulerRunning                        0x20000040   Data           4  tasks.o(.data)
    uxPendedTicks                            0x20000044   Data           4  tasks.o(.data)
    xYieldPending                            0x20000048   Data           4  tasks.o(.data)
    xNumOfOverflows                          0x2000004c   Data           4  tasks.o(.data)
    uxTaskNumber                             0x20000050   Data           4  tasks.o(.data)
    xNextTaskUnblockTime                     0x20000054   Data           4  tasks.o(.data)
    xIdleTaskHandle                          0x20000058   Data           4  tasks.o(.data)
    uxSchedulerSuspended                     0x2000005c   Data           4  tasks.o(.data)
    pxDelayedTaskList                        0x20000060   Data           4  tasks.o(.data)
    pxOverflowDelayedTaskList                0x20000064   Data           4  tasks.o(.data)
    .data                                    0x20000068   Section       20  timers.o(.data)
    xTimerQueue                              0x20000068   Data           4  timers.o(.data)
    xTimerTaskHandle                         0x2000006c   Data           4  timers.o(.data)
    xLastTime                                0x20000070   Data           4  timers.o(.data)
    pxCurrentTimerList                       0x20000074   Data           4  timers.o(.data)
    pxOverflowTimerList                      0x20000078   Data           4  timers.o(.data)
    .data                                    0x2000007c   Section       24  heap_4.o(.data)
    pxEnd                                    0x2000007c   Data           4  heap_4.o(.data)
    xFreeBytesRemaining                      0x20000080   Data           4  heap_4.o(.data)
    xMinimumEverFreeBytesRemaining           0x20000084   Data           4  heap_4.o(.data)
    xBlockAllocatedBit                       0x20000088   Data           4  heap_4.o(.data)
    xStart                                   0x2000008c   Data           8  heap_4.o(.data)
    .data                                    0x20000094   Section       12  port.o(.data)
    ucMaxSysCallPriority                     0x20000094   Data           1  port.o(.data)
    uxCriticalNesting                        0x20000098   Data           4  port.o(.data)
    ulMaxPRIGROUPValue                       0x2000009c   Data           4  port.o(.data)
    .data                                    0x200000a0   Section       16  stm32f4xx_rcc.o(.data)
    APBAHBPrescTable                         0x200000a0   Data          16  stm32f4xx_rcc.o(.data)
    .data                                    0x200000b0   Section        4  debug.o(.data)
    .data                                    0x200000b4   Section       44  usbd_core.o(.data)
    .data                                    0x200000e0   Section        4  usbd_core.o(.data)
    .data                                    0x200000e4   Section        4  usbd_core.o(.data)
    .data                                    0x200000e8   Section       16  usbd_req.o(.data)
    cfgidx                                   0x200000e8   Data           1  usbd_req.o(.data)
    .data                                    0x200000f8   Section      107  usbd_cdc_core.o(.data)
    usbd_cdc_AltSet                          0x200000fc   Data           4  usbd_cdc_core.o(.data)
    cdcCmd                                   0x2000010c   Data           4  usbd_cdc_core.o(.data)
    cdcLen                                   0x20000110   Data           4  usbd_cdc_core.o(.data)
    FrameCount                               0x20000114   Data           4  usbd_cdc_core.o(.data)
    .data                                    0x20000164   Section       44  usbd_cdc_core.o(.data)
    .data                                    0x20000190   Section       28  usbd_desc.o(.data)
    .data                                    0x200001ac   Section       48  usbd_desc.o(.data)
    .data                                    0x200001dc   Section       12  usbd_cdc_vcp.o(.data)
    .data                                    0x200001e8   Section       20  usbd_cdc_vcp.o(.data)
    .data                                    0x200001fc   Section        1  usbd_usr.o(.data)
    .data                                    0x20000200   Section       28  usbd_usr.o(.data)
    .data                                    0x2000021c   Section        4  stdout.o(.data)
    .bss                                     0x20000220   Section      201  usart1.o(.bss)
    .bss                                     0x200002ec   Section       64  queue.o(.bss)
    .bss                                     0x2000032c   Section      200  tasks.o(.bss)
    pxReadyTasksLists                        0x2000032c   Data         100  tasks.o(.bss)
    xDelayedTaskList1                        0x20000390   Data          20  tasks.o(.bss)
    xDelayedTaskList2                        0x200003a4   Data          20  tasks.o(.bss)
    xPendingReadyList                        0x200003b8   Data          20  tasks.o(.bss)
    xTasksWaitingTermination                 0x200003cc   Data          20  tasks.o(.bss)
    xSuspendedTaskList                       0x200003e0   Data          20  tasks.o(.bss)
    .bss                                     0x200003f4   Section       40  timers.o(.bss)
    xActiveTimerList1                        0x200003f4   Data          20  timers.o(.bss)
    xActiveTimerList2                        0x20000408   Data          20  timers.o(.bss)
    .bss                                     0x2000041c   Section    51200  heap_4.o(.bss)
    ucHeap                                   0x2000041c   Data       51200  heap_4.o(.bss)
    .bss                                     0x2000cc1c   Section     3640  uart.o(.bss)
    uart_buffer                              0x2000cc1c   Data        3584  uart.o(.bss)
    uart_read_index                          0x2000da1c   Data          14  uart.o(.bss)
    uart_write_index                         0x2000da2a   Data          14  uart.o(.bss)
    g_uart_init                              0x2000da38   Data          28  uart.o(.bss)
    .bss                                     0x2000da54   Section    18004  system.o(.bss)
    .bss                                     0x200120a8   Section     2112  usbd_cdc_core.o(.bss)
    .bss                                     0x200128e8   Section      255  usbd_desc.o(.bss)
    .bss                                     0x200129e7   Section      400  usbd_cdc_vcp.o(.bss)
    STACK                                    0x20012b78   Section    40960  startup_stm32f40_41xxx.o(STACK)

    Global Symbols

    Symbol Name                              Value     Ov Type        Size  Object(Section)

    BuildAttributes$$THM_ISAv4$E$P$D$K$B$S$7EM$VFPi3$EXTD16$VFPS$VFMA$PE$A:L22UL41UL21$X:L11$S22US41US21$IEEE1$IW$USESV6$~STKCKD$USESV7$~SHL$OSPACE$ROPI$EBA8$MICROLIB$REQ8$PRES8$EABIv2 0x00000000   Number         0  anon$$obj.o ABSOLUTE
    __ARM_use_no_argv                        0x00000000   Number         0  main.o ABSOLUTE
    _printf_a                                0x00000000   Number         0  stubs.o ABSOLUTE
    _printf_c                                0x00000000   Number         0  stubs.o ABSOLUTE
    _printf_charcount                        0x00000000   Number         0  stubs.o ABSOLUTE
    _printf_d                                0x00000000   Number         0  stubs.o ABSOLUTE
    _printf_e                                0x00000000   Number         0  stubs.o ABSOLUTE
    _printf_f                                0x00000000   Number         0  stubs.o ABSOLUTE
    _printf_flags                            0x00000000   Number         0  stubs.o ABSOLUTE
    _printf_fp_dec                           0x00000000   Number         0  stubs.o ABSOLUTE
    _printf_fp_hex                           0x00000000   Number         0  stubs.o ABSOLUTE
    _printf_g                                0x00000000   Number         0  stubs.o ABSOLUTE
    _printf_i                                0x00000000   Number         0  stubs.o ABSOLUTE
    _printf_int_dec                          0x00000000   Number         0  stubs.o ABSOLUTE
    _printf_l                                0x00000000   Number         0  stubs.o ABSOLUTE
    _printf_lc                               0x00000000   Number         0  stubs.o ABSOLUTE
    _printf_ll                               0x00000000   Number         0  stubs.o ABSOLUTE
    _printf_lld                              0x00000000   Number         0  stubs.o ABSOLUTE
    _printf_lli                              0x00000000   Number         0  stubs.o ABSOLUTE
    _printf_llo                              0x00000000   Number         0  stubs.o ABSOLUTE
    _printf_llu                              0x00000000   Number         0  stubs.o ABSOLUTE
    _printf_llx                              0x00000000   Number         0  stubs.o ABSOLUTE
    _printf_longlong_dec                     0x00000000   Number         0  stubs.o ABSOLUTE
    _printf_longlong_hex                     0x00000000   Number         0  stubs.o ABSOLUTE
    _printf_longlong_oct                     0x00000000   Number         0  stubs.o ABSOLUTE
    _printf_ls                               0x00000000   Number         0  stubs.o ABSOLUTE
    _printf_mbtowc                           0x00000000   Number         0  stubs.o ABSOLUTE
    _printf_n                                0x00000000   Number         0  stubs.o ABSOLUTE
    _printf_o                                0x00000000   Number         0  stubs.o ABSOLUTE
    _printf_p                                0x00000000   Number         0  stubs.o ABSOLUTE
    _printf_percent                          0x00000000   Number         0  stubs.o ABSOLUTE
    _printf_pre_padding                      0x00000000   Number         0  stubs.o ABSOLUTE
    _printf_return_value                     0x00000000   Number         0  stubs.o ABSOLUTE
    _printf_s                                0x00000000   Number         0  stubs.o ABSOLUTE
    _printf_sizespec                         0x00000000   Number         0  stubs.o ABSOLUTE
    _printf_str                              0x00000000   Number         0  stubs.o ABSOLUTE
    _printf_truncate_signed                  0x00000000   Number         0  stubs.o ABSOLUTE
    _printf_truncate_unsigned                0x00000000   Number         0  stubs.o ABSOLUTE
    _printf_u                                0x00000000   Number         0  stubs.o ABSOLUTE
    _printf_wc                               0x00000000   Number         0  stubs.o ABSOLUTE
    _printf_wctomb                           0x00000000   Number         0  stubs.o ABSOLUTE
    _printf_widthprec                        0x00000000   Number         0  stubs.o ABSOLUTE
    _printf_x                                0x00000000   Number         0  stubs.o ABSOLUTE
    __cpp_initialize__aeabi_                  - Undefined Weak Reference
    __cxa_finalize                            - Undefined Weak Reference
    _clock_init                               - Undefined Weak Reference
    _microlib_exit                            - Undefined Weak Reference
    _scanf_longlong                           - Undefined Weak Reference
    _scanf_real                               - Undefined Weak Reference
    _scanf_string                             - Undefined Weak Reference
    __Vectors_Size                           0x00000188   Number         0  startup_stm32f40_41xxx.o ABSOLUTE
    __Vectors                                0x08000000   Data           4  startup_stm32f40_41xxx.o(RESET)
    __Vectors_End                            0x08000188   Data           0  startup_stm32f40_41xxx.o(RESET)
    __main                                   0x08000189   Thumb Code     0  entry.o(.ARM.Collect$$$$00000000)
    _main_stk                                0x08000189   Thumb Code     0  entry2.o(.ARM.Collect$$$$00000001)
    _main_scatterload                        0x0800018d   Thumb Code     0  entry5.o(.ARM.Collect$$$$00000004)
    __main_after_scatterload                 0x08000191   Thumb Code     0  entry5.o(.ARM.Collect$$$$00000004)
    _main_clock                              0x08000191   Thumb Code     0  entry7b.o(.ARM.Collect$$$$00000008)
    _main_cpp_init                           0x08000191   Thumb Code     0  entry8b.o(.ARM.Collect$$$$0000000A)
    _main_init                               0x08000191   Thumb Code     0  entry9a.o(.ARM.Collect$$$$0000000B)
    __rt_final_cpp                           0x08000199   Thumb Code     0  entry10a.o(.ARM.Collect$$$$0000000D)
    __rt_final_exit                          0x08000199   Thumb Code     0  entry11a.o(.ARM.Collect$$$$0000000F)
    SVC_Handler                              0x0800019d   Thumb Code    28  port.o(.emb_text)
    __asm___6_port_c_39a90d8d__prvStartFirstTask 0x080001bd   Thumb Code    28  port.o(.emb_text)
    __asm___6_port_c_39a90d8d__prvEnableVFP  0x080001dd   Thumb Code    16  port.o(.emb_text)
    PendSV_Handler                           0x080001f1   Thumb Code    88  port.o(.emb_text)
    vPortGetIPSR                             0x0800024d   Thumb Code     6  port.o(.emb_text)
    Reset_Handler                            0x08000255   Thumb Code     8  startup_stm32f40_41xxx.o(.text)
    ADC_IRQHandler                           0x0800026f   Thumb Code     0  startup_stm32f40_41xxx.o(.text)
    CAN1_RX0_IRQHandler                      0x0800026f   Thumb Code     0  startup_stm32f40_41xxx.o(.text)
    CAN1_RX1_IRQHandler                      0x0800026f   Thumb Code     0  startup_stm32f40_41xxx.o(.text)
    CAN1_SCE_IRQHandler                      0x0800026f   Thumb Code     0  startup_stm32f40_41xxx.o(.text)
    CAN1_TX_IRQHandler                       0x0800026f   Thumb Code     0  startup_stm32f40_41xxx.o(.text)
    CAN2_RX0_IRQHandler                      0x0800026f   Thumb Code     0  startup_stm32f40_41xxx.o(.text)
    CAN2_RX1_IRQHandler                      0x0800026f   Thumb Code     0  startup_stm32f40_41xxx.o(.text)
    CAN2_SCE_IRQHandler                      0x0800026f   Thumb Code     0  startup_stm32f40_41xxx.o(.text)
    CAN2_TX_IRQHandler                       0x0800026f   Thumb Code     0  startup_stm32f40_41xxx.o(.text)
    CRYP_IRQHandler                          0x0800026f   Thumb Code     0  startup_stm32f40_41xxx.o(.text)
    DCMI_IRQHandler                          0x0800026f   Thumb Code     0  startup_stm32f40_41xxx.o(.text)
    DMA1_Stream0_IRQHandler                  0x0800026f   Thumb Code     0  startup_stm32f40_41xxx.o(.text)
    DMA1_Stream1_IRQHandler                  0x0800026f   Thumb Code     0  startup_stm32f40_41xxx.o(.text)
    DMA1_Stream2_IRQHandler                  0x0800026f   Thumb Code     0  startup_stm32f40_41xxx.o(.text)
    DMA1_Stream3_IRQHandler                  0x0800026f   Thumb Code     0  startup_stm32f40_41xxx.o(.text)
    DMA1_Stream4_IRQHandler                  0x0800026f   Thumb Code     0  startup_stm32f40_41xxx.o(.text)
    DMA1_Stream5_IRQHandler                  0x0800026f   Thumb Code     0  startup_stm32f40_41xxx.o(.text)
    DMA1_Stream6_IRQHandler                  0x0800026f   Thumb Code     0  startup_stm32f40_41xxx.o(.text)
    DMA1_Stream7_IRQHandler                  0x0800026f   Thumb Code     0  startup_stm32f40_41xxx.o(.text)
    DMA2_Stream0_IRQHandler                  0x0800026f   Thumb Code     0  startup_stm32f40_41xxx.o(.text)
    DMA2_Stream1_IRQHandler                  0x0800026f   Thumb Code     0  startup_stm32f40_41xxx.o(.text)
    DMA2_Stream2_IRQHandler                  0x0800026f   Thumb Code     0  startup_stm32f40_41xxx.o(.text)
    DMA2_Stream3_IRQHandler                  0x0800026f   Thumb Code     0  startup_stm32f40_41xxx.o(.text)
    DMA2_Stream4_IRQHandler                  0x0800026f   Thumb Code     0  startup_stm32f40_41xxx.o(.text)
    DMA2_Stream5_IRQHandler                  0x0800026f   Thumb Code     0  startup_stm32f40_41xxx.o(.text)
    DMA2_Stream6_IRQHandler                  0x0800026f   Thumb Code     0  startup_stm32f40_41xxx.o(.text)
    DMA2_Stream7_IRQHandler                  0x0800026f   Thumb Code     0  startup_stm32f40_41xxx.o(.text)
    ETH_IRQHandler                           0x0800026f   Thumb Code     0  startup_stm32f40_41xxx.o(.text)
    ETH_WKUP_IRQHandler                      0x0800026f   Thumb Code     0  startup_stm32f40_41xxx.o(.text)
    EXTI0_IRQHandler                         0x0800026f   Thumb Code     0  startup_stm32f40_41xxx.o(.text)
    EXTI15_10_IRQHandler                     0x0800026f   Thumb Code     0  startup_stm32f40_41xxx.o(.text)
    EXTI1_IRQHandler                         0x0800026f   Thumb Code     0  startup_stm32f40_41xxx.o(.text)
    EXTI2_IRQHandler                         0x0800026f   Thumb Code     0  startup_stm32f40_41xxx.o(.text)
    EXTI3_IRQHandler                         0x0800026f   Thumb Code     0  startup_stm32f40_41xxx.o(.text)
    EXTI4_IRQHandler                         0x0800026f   Thumb Code     0  startup_stm32f40_41xxx.o(.text)
    EXTI9_5_IRQHandler                       0x0800026f   Thumb Code     0  startup_stm32f40_41xxx.o(.text)
    FLASH_IRQHandler                         0x0800026f   Thumb Code     0  startup_stm32f40_41xxx.o(.text)
    FPU_IRQHandler                           0x0800026f   Thumb Code     0  startup_stm32f40_41xxx.o(.text)
    FSMC_IRQHandler                          0x0800026f   Thumb Code     0  startup_stm32f40_41xxx.o(.text)
    HASH_RNG_IRQHandler                      0x0800026f   Thumb Code     0  startup_stm32f40_41xxx.o(.text)
    I2C1_ER_IRQHandler                       0x0800026f   Thumb Code     0  startup_stm32f40_41xxx.o(.text)
    I2C1_EV_IRQHandler                       0x0800026f   Thumb Code     0  startup_stm32f40_41xxx.o(.text)
    I2C2_ER_IRQHandler                       0x0800026f   Thumb Code     0  startup_stm32f40_41xxx.o(.text)
    I2C2_EV_IRQHandler                       0x0800026f   Thumb Code     0  startup_stm32f40_41xxx.o(.text)
    I2C3_ER_IRQHandler                       0x0800026f   Thumb Code     0  startup_stm32f40_41xxx.o(.text)
    I2C3_EV_IRQHandler                       0x0800026f   Thumb Code     0  startup_stm32f40_41xxx.o(.text)
    OTG_FS_WKUP_IRQHandler                   0x0800026f   Thumb Code     0  startup_stm32f40_41xxx.o(.text)
    OTG_HS_EP1_IN_IRQHandler                 0x0800026f   Thumb Code     0  startup_stm32f40_41xxx.o(.text)
    OTG_HS_EP1_OUT_IRQHandler                0x0800026f   Thumb Code     0  startup_stm32f40_41xxx.o(.text)
    OTG_HS_IRQHandler                        0x0800026f   Thumb Code     0  startup_stm32f40_41xxx.o(.text)
    OTG_HS_WKUP_IRQHandler                   0x0800026f   Thumb Code     0  startup_stm32f40_41xxx.o(.text)
    PVD_IRQHandler                           0x0800026f   Thumb Code     0  startup_stm32f40_41xxx.o(.text)
    RCC_IRQHandler                           0x0800026f   Thumb Code     0  startup_stm32f40_41xxx.o(.text)
    RTC_Alarm_IRQHandler                     0x0800026f   Thumb Code     0  startup_stm32f40_41xxx.o(.text)
    RTC_WKUP_IRQHandler                      0x0800026f   Thumb Code     0  startup_stm32f40_41xxx.o(.text)
    SPI1_IRQHandler                          0x0800026f   Thumb Code     0  startup_stm32f40_41xxx.o(.text)
    SPI2_IRQHandler                          0x0800026f   Thumb Code     0  startup_stm32f40_41xxx.o(.text)
    SPI3_IRQHandler                          0x0800026f   Thumb Code     0  startup_stm32f40_41xxx.o(.text)
    TAMP_STAMP_IRQHandler                    0x0800026f   Thumb Code     0  startup_stm32f40_41xxx.o(.text)
    TIM1_BRK_TIM9_IRQHandler                 0x0800026f   Thumb Code     0  startup_stm32f40_41xxx.o(.text)
    TIM1_CC_IRQHandler                       0x0800026f   Thumb Code     0  startup_stm32f40_41xxx.o(.text)
    TIM1_TRG_COM_TIM11_IRQHandler            0x0800026f   Thumb Code     0  startup_stm32f40_41xxx.o(.text)
    TIM1_UP_TIM10_IRQHandler                 0x0800026f   Thumb Code     0  startup_stm32f40_41xxx.o(.text)
    TIM2_IRQHandler                          0x0800026f   Thumb Code     0  startup_stm32f40_41xxx.o(.text)
    TIM3_IRQHandler                          0x0800026f   Thumb Code     0  startup_stm32f40_41xxx.o(.text)
    TIM4_IRQHandler                          0x0800026f   Thumb Code     0  startup_stm32f40_41xxx.o(.text)
    TIM5_IRQHandler                          0x0800026f   Thumb Code     0  startup_stm32f40_41xxx.o(.text)
    TIM6_DAC_IRQHandler                      0x0800026f   Thumb Code     0  startup_stm32f40_41xxx.o(.text)
    TIM7_IRQHandler                          0x0800026f   Thumb Code     0  startup_stm32f40_41xxx.o(.text)
    TIM8_BRK_TIM12_IRQHandler                0x0800026f   Thumb Code     0  startup_stm32f40_41xxx.o(.text)
    TIM8_CC_IRQHandler                       0x0800026f   Thumb Code     0  startup_stm32f40_41xxx.o(.text)
    TIM8_TRG_COM_TIM14_IRQHandler            0x0800026f   Thumb Code     0  startup_stm32f40_41xxx.o(.text)
    TIM8_UP_TIM13_IRQHandler                 0x0800026f   Thumb Code     0  startup_stm32f40_41xxx.o(.text)
    UART4_IRQHandler                         0x0800026f   Thumb Code     0  startup_stm32f40_41xxx.o(.text)
    UART5_IRQHandler                         0x0800026f   Thumb Code     0  startup_stm32f40_41xxx.o(.text)
    USART3_IRQHandler                        0x0800026f   Thumb Code     0  startup_stm32f40_41xxx.o(.text)
    USART6_IRQHandler                        0x0800026f   Thumb Code     0  startup_stm32f40_41xxx.o(.text)
    WWDG_IRQHandler                          0x0800026f   Thumb Code     0  startup_stm32f40_41xxx.o(.text)
    __aeabi_memcpy                           0x08000279   Thumb Code    36  memcpya.o(.text)
    __aeabi_memcpy4                          0x08000279   Thumb Code     0  memcpya.o(.text)
    __aeabi_memcpy8                          0x08000279   Thumb Code     0  memcpya.o(.text)
    __aeabi_memset                           0x0800029d   Thumb Code    14  memseta.o(.text)
    __aeabi_memset4                          0x0800029d   Thumb Code     0  memseta.o(.text)
    __aeabi_memset8                          0x0800029d   Thumb Code     0  memseta.o(.text)
    __aeabi_memclr                           0x080002ab   Thumb Code     4  memseta.o(.text)
    __aeabi_memclr4                          0x080002ab   Thumb Code     0  memseta.o(.text)
    __aeabi_memclr8                          0x080002ab   Thumb Code     0  memseta.o(.text)
    _memset$wrapper                          0x080002af   Thumb Code    18  memseta.o(.text)
    strlen                                   0x080002c1   Thumb Code    14  strlen.o(.text)
    strrchr                                  0x080002cf   Thumb Code    32  strrchr.o(.text)
    __aeabi_uidiv                            0x080002ef   Thumb Code     0  uidiv.o(.text)
    __aeabi_uidivmod                         0x080002ef   Thumb Code    44  uidiv.o(.text)
    __aeabi_uldivmod                         0x0800031b   Thumb Code    98  uldiv.o(.text)
    __I$use$fp                               0x0800037d   Thumb Code     0  iusefp.o(.text)
    __aeabi_dadd                             0x0800037d   Thumb Code   322  dadd.o(.text)
    __aeabi_dsub                             0x080004bf   Thumb Code     6  dadd.o(.text)
    __aeabi_drsub                            0x080004c5   Thumb Code     6  dadd.o(.text)
    __aeabi_dmul                             0x080004cb   Thumb Code   228  dmul.o(.text)
    __aeabi_ddiv                             0x080005af   Thumb Code   222  ddiv.o(.text)
    __aeabi_d2ulz                            0x0800068d   Thumb Code    48  dfixul.o(.text)
    __aeabi_cdrcmple                         0x080006bd   Thumb Code    48  cdrcmple.o(.text)
    __scatterload                            0x080006ed   Thumb Code    28  init.o(.text)
    __scatterload_rt2                        0x080006ed   Thumb Code     0  init.o(.text)
    __aeabi_llsl                             0x08000711   Thumb Code    30  llshl.o(.text)
    _ll_shift_l                              0x08000711   Thumb Code     0  llshl.o(.text)
    __aeabi_llsr                             0x0800072f   Thumb Code    32  llushr.o(.text)
    _ll_ushift_r                             0x0800072f   Thumb Code     0  llushr.o(.text)
    __aeabi_lasr                             0x0800074f   Thumb Code    36  llsshr.o(.text)
    _ll_sshift_r                             0x0800074f   Thumb Code     0  llsshr.o(.text)
    _double_round                            0x08000773   Thumb Code    30  depilogue.o(.text)
    _double_epilogue                         0x08000791   Thumb Code   156  depilogue.o(.text)
    __decompress                             0x0800082d   Thumb Code     0  __dczerorl2.o(.text)
    __decompress1                            0x0800082d   Thumb Code    86  __dczerorl2.o(.text)
    AppTask                                  0x08000885   Thumb Code    16  system.o(i.AppTask)
    BusFault_Handler                         0x080008ad   Thumb Code     2  stm32f4xx_it.o(i.BusFault_Handler)
    CmdResp1Error                            0x080008b1   Thumb Code    66  sdio_sdcard.o(i.CmdResp1Error)
    DCD_EP_Close                             0x080008fd   Thumb Code    44  usb_dcd.o(i.DCD_EP_Close)
    DCD_EP_ClrStall                          0x08000929   Thumb Code    56  usb_dcd.o(i.DCD_EP_ClrStall)
    DCD_EP_Open                              0x08000961   Thumb Code    60  usb_dcd.o(i.DCD_EP_Open)
    DCD_EP_PrepareRx                         0x0800099d   Thumb Code    56  usb_dcd.o(i.DCD_EP_PrepareRx)
    DCD_EP_SetAddress                        0x080009d5   Thumb Code    16  usb_dcd.o(i.DCD_EP_SetAddress)
    DCD_EP_Stall                             0x080009e5   Thumb Code    56  usb_dcd.o(i.DCD_EP_Stall)
    DCD_EP_Tx                                0x08000a1d   Thumb Code    52  usb_dcd.o(i.DCD_EP_Tx)
    DCD_Init                                 0x08000e29   Thumb Code   136  usb_dcd.o(i.DCD_Init)
    DebugMon_Handler                         0x08000fa5   Thumb Code     2  stm32f4xx_it.o(i.DebugMon_Handler)
    GPIO_Init                                0x08000fa7   Thumb Code   124  stm32f4xx_gpio.o(i.GPIO_Init)
    GPIO_PinAFConfig                         0x08001023   Thumb Code    32  stm32f4xx_gpio.o(i.GPIO_PinAFConfig)
    HardFault_Handler                        0x080010e9   Thumb Code     2  stm32f4xx_it.o(i.HardFault_Handler)
    LED_Init                                 0x08001125   Thumb Code   206  led.o(i.LED_Init)
    MemManage_Handler                        0x080011fd   Thumb Code     2  stm32f4xx_it.o(i.MemManage_Handler)
    NMI_Handler                              0x080011ff   Thumb Code     2  stm32f4xx_it.o(i.NMI_Handler)
    NVIC_Init                                0x08001201   Thumb Code    98  misc_1.o(i.NVIC_Init)
    NVIC_PriorityGroupConfig                 0x08001269   Thumb Code    10  misc_1.o(i.NVIC_PriorityGroupConfig)
    OTG_FS_IRQHandler                        0x0800127d   Thumb Code     6  usbd_usr.o(i.OTG_FS_IRQHandler)
    RCC_AHB1PeriphClockCmd                   0x08001289   Thumb Code    22  stm32f4xx_rcc.o(i.RCC_AHB1PeriphClockCmd)
    RCC_AHB2PeriphClockCmd                   0x080012a5   Thumb Code    22  stm32f4xx_rcc.o(i.RCC_AHB2PeriphClockCmd)
    RCC_APB1PeriphClockCmd                   0x080012c1   Thumb Code    22  stm32f4xx_rcc.o(i.RCC_APB1PeriphClockCmd)
    RCC_APB2PeriphClockCmd                   0x080012dd   Thumb Code    22  stm32f4xx_rcc.o(i.RCC_APB2PeriphClockCmd)
    RCC_GetClocksFreq                        0x080012f9   Thumb Code   148  stm32f4xx_rcc.o(i.RCC_GetClocksFreq)
    SDIO_IRQHandler                          0x0800139d   Thumb Code     4  sdio_sdcard.o(i.SDIO_IRQHandler)
    SDIO_Send_Cmd                            0x080013a1   Thumb Code    30  sdio_sdcard.o(i.SDIO_Send_Cmd)
    SD_ProcessIRQSrc                         0x080013c5   Thumb Code   210  sdio_sdcard.o(i.SD_ProcessIRQSrc)
    SPI1_Send_Read                           0x080014a1   Thumb Code    48  spi.o(i.SPI1_Send_Read)
    SPI_I2S_GetFlagStatus                    0x080014d5   Thumb Code    14  stm32f4xx_spi.o(i.SPI_I2S_GetFlagStatus)
    SPI_I2S_ReceiveData                      0x080014e3   Thumb Code     4  stm32f4xx_spi.o(i.SPI_I2S_ReceiveData)
    SPI_I2S_SendData                         0x080014e7   Thumb Code     4  stm32f4xx_spi.o(i.SPI_I2S_SendData)
    Spi1_init                                0x080015a5   Thumb Code   280  spi.o(i.Spi1_init)
    SysTick_CLKSourceConfig                  0x080016c9   Thumb Code    28  misc_1.o(i.SysTick_CLKSourceConfig)
    SysTick_Handler                          0x080016e5   Thumb Code    20  delay.o(i.SysTick_Handler)
    SystemInit                               0x080016f9   Thumb Code    74  system_stm32f4xx.o(i.SystemInit)
    USART1_IRQHandler                        0x08001a8d   Thumb Code    50  usart1.o(i.USART1_IRQHandler)
    USART2_IRQHandler                        0x08001acd   Thumb Code    38  stm32f4xx_it.o(i.USART2_IRQHandler)
    USART_Cmd                                0x08001af9   Thumb Code    24  stm32f4xx_usart.o(i.USART_Cmd)
    USART_GetITStatus                        0x08001b11   Thumb Code    64  stm32f4xx_usart.o(i.USART_GetITStatus)
    USART_ITConfig                           0x08001b51   Thumb Code    54  stm32f4xx_usart.o(i.USART_ITConfig)
    USART_Init                               0x08001b89   Thumb Code   180  stm32f4xx_usart.o(i.USART_Init)
    USART_ReceiveData                        0x08001c45   Thumb Code     8  stm32f4xx_usart.o(i.USART_ReceiveData)
    USBD_ClrCfg                              0x08001c4d   Thumb Code    14  usbd_core.o(i.USBD_ClrCfg)
    USBD_CtlContinueRx                       0x08001c97   Thumb Code    18  usbd_ioreq.o(i.USBD_CtlContinueRx)
    USBD_CtlContinueSendData                 0x08001ca9   Thumb Code    18  usbd_ioreq.o(i.USBD_CtlContinueSendData)
    USBD_CtlError                            0x08001cbb   Thumb Code    30  usbd_req.o(i.USBD_CtlError)
    USBD_CtlPrepareRx                        0x08001cd9   Thumb Code    32  usbd_ioreq.o(i.USBD_CtlPrepareRx)
    USBD_CtlReceiveStatus                    0x08001cf9   Thumb Code    34  usbd_ioreq.o(i.USBD_CtlReceiveStatus)
    USBD_CtlSendData                         0x08001d1b   Thumb Code    32  usbd_ioreq.o(i.USBD_CtlSendData)
    USBD_CtlSendStatus                       0x08001d3b   Thumb Code    34  usbd_ioreq.o(i.USBD_CtlSendStatus)
    USBD_DeInit                              0x08001e83   Thumb Code     4  usbd_core.o(i.USBD_DeInit)
    USBD_GetString                           0x08002009   Thumb Code    60  usbd_req.o(i.USBD_GetString)
    USBD_Init                                0x08002045   Thumb Code    64  usbd_core.o(i.USBD_Init)
    USBD_OTG_ISR_Handler                     0x080020a1   Thumb Code   172  usb_dcd_int.o(i.USBD_OTG_ISR_Handler)
    USBD_ParseSetupRequest                   0x0800214d   Thumb Code    68  usbd_req.o(i.USBD_ParseSetupRequest)
    USBD_SetCfg                              0x0800224f   Thumb Code    26  usbd_core.o(i.USBD_SetCfg)
    USBD_StdDevReq                           0x080023ef   Thumb Code    74  usbd_req.o(i.USBD_StdDevReq)
    USBD_StdEPReq                            0x08002439   Thumb Code   282  usbd_req.o(i.USBD_StdEPReq)
    USBD_StdItfReq                           0x08002559   Thumb Code    70  usbd_req.o(i.USBD_StdItfReq)
    USBD_USR_ConfigStrDescriptor             0x080025b9   Thumb Code    32  usbd_desc.o(i.USBD_USR_ConfigStrDescriptor)
    USBD_USR_DeviceConfigured                0x080025e9   Thumb Code    12  usbd_usr.o(i.USBD_USR_DeviceConfigured)
    USBD_USR_DeviceConnected                 0x08002615   Thumb Code    12  usbd_usr.o(i.USBD_USR_DeviceConnected)
    USBD_USR_DeviceDescriptor                0x0800263d   Thumb Code     8  usbd_desc.o(i.USBD_USR_DeviceDescriptor)
    USBD_USR_DeviceDisconnected              0x08002649   Thumb Code    12  usbd_usr.o(i.USBD_USR_DeviceDisconnected)
    USBD_USR_DeviceReset                     0x08002675   Thumb Code    26  usbd_usr.o(i.USBD_USR_DeviceReset)
    USBD_USR_DeviceResumed                   0x080026fd   Thumb Code     6  usbd_usr.o(i.USBD_USR_DeviceResumed)
    USBD_USR_DeviceSuspended                 0x08002719   Thumb Code    12  usbd_usr.o(i.USBD_USR_DeviceSuspended)
    USBD_USR_Init                            0x08002745   Thumb Code     2  usbd_usr.o(i.USBD_USR_Init)
    USBD_USR_InterfaceStrDescriptor          0x08002749   Thumb Code    32  usbd_desc.o(i.USBD_USR_InterfaceStrDescriptor)
    USBD_USR_LangIDStrDescriptor             0x0800277d   Thumb Code     8  usbd_desc.o(i.USBD_USR_LangIDStrDescriptor)
    USBD_USR_ManufacturerStrDescriptor       0x08002789   Thumb Code    16  usbd_desc.o(i.USBD_USR_ManufacturerStrDescriptor)
    USBD_USR_ProductStrDescriptor            0x080027b1   Thumb Code    32  usbd_desc.o(i.USBD_USR_ProductStrDescriptor)
    USBD_USR_SerialStrDescriptor             0x080027f5   Thumb Code    14  usbd_desc.o(i.USBD_USR_SerialStrDescriptor)
    USB_OTG_BSP_EnableInterrupt              0x08002815   Thumb Code    34  usb_bsp.o(i.USB_OTG_BSP_EnableInterrupt)
    USB_OTG_BSP_Init                         0x08002839   Thumb Code   106  usb_bsp.o(i.USB_OTG_BSP_Init)
    USB_OTG_BSP_mDelay                       0x080028ad   Thumb Code     4  usb_bsp.o(i.USB_OTG_BSP_mDelay)
    USB_OTG_BSP_uDelay                       0x080028b1   Thumb Code     4  usb_bsp.o(i.USB_OTG_BSP_uDelay)
    USB_OTG_CoreInit                         0x080028b5   Thumb Code   164  usb_core.o(i.USB_OTG_CoreInit)
    USB_OTG_CoreInitDev                      0x08002959   Thumb Code   328  usb_core.o(i.USB_OTG_CoreInitDev)
    USB_OTG_DisableGlobalInt                 0x08002afd   Thumb Code    16  usb_core.o(i.USB_OTG_DisableGlobalInt)
    USB_OTG_EP0Activate                      0x08002b0d   Thumb Code    74  usb_core.o(i.USB_OTG_EP0Activate)
    USB_OTG_EP0StartXfer                     0x08002b57   Thumb Code   266  usb_core.o(i.USB_OTG_EP0StartXfer)
    USB_OTG_EP0_OutStart                     0x08002c61   Thumb Code    52  usb_core.o(i.USB_OTG_EP0_OutStart)
    USB_OTG_EPActivate                       0x08002c99   Thumb Code    92  usb_core.o(i.USB_OTG_EPActivate)
    USB_OTG_EPClearStall                     0x08002cf5   Thumb Code    60  usb_core.o(i.USB_OTG_EPClearStall)
    USB_OTG_EPDeactivate                     0x08002d31   Thumb Code    54  usb_core.o(i.USB_OTG_EPDeactivate)
    USB_OTG_EPSetStall                       0x08002d67   Thumb Code    64  usb_core.o(i.USB_OTG_EPSetStall)
    USB_OTG_EPStartXfer                      0x08002da7   Thumb Code   348  usb_core.o(i.USB_OTG_EPStartXfer)
    USB_OTG_EnableDevInt                     0x08002f21   Thumb Code    84  usb_core.o(i.USB_OTG_EnableDevInt)
    USB_OTG_EnableGlobalInt                  0x08002f75   Thumb Code    16  usb_core.o(i.USB_OTG_EnableGlobalInt)
    USB_OTG_FlushRxFifo                      0x08002f85   Thumb Code    54  usb_core.o(i.USB_OTG_FlushRxFifo)
    USB_OTG_FlushTxFifo                      0x08002fc1   Thumb Code    62  usb_core.o(i.USB_OTG_FlushTxFifo)
    USB_OTG_GetDeviceSpeed                   0x08003005   Thumb Code    44  usb_core.o(i.USB_OTG_GetDeviceSpeed)
    USB_OTG_GetMode                          0x08003031   Thumb Code    10  usb_core.o(i.USB_OTG_GetMode)
    USB_OTG_InitDevSpeed                     0x0800303b   Thumb Code    12  usb_core.o(i.USB_OTG_InitDevSpeed)
    USB_OTG_IsDeviceMode                     0x08003047   Thumb Code    18  usb_core.o(i.USB_OTG_IsDeviceMode)
    USB_OTG_ReadCoreItr                      0x08003059   Thumb Code    10  usb_core.o(i.USB_OTG_ReadCoreItr)
    USB_OTG_ReadDevAllInEPItr                0x08003063   Thumb Code    12  usb_core.o(i.USB_OTG_ReadDevAllInEPItr)
    USB_OTG_ReadDevAllOutEp_itr              0x0800306f   Thumb Code    12  usb_core.o(i.USB_OTG_ReadDevAllOutEp_itr)
    USB_OTG_ReadDevOutEP_itr                 0x0800307b   Thumb Code    16  usb_core.o(i.USB_OTG_ReadDevOutEP_itr)
    USB_OTG_ReadPacket                       0x0800308b   Thumb Code    32  usb_core.o(i.USB_OTG_ReadPacket)
    USB_OTG_SelectCore                       0x080030ad   Thumb Code   188  usb_core.o(i.USB_OTG_SelectCore)
    USB_OTG_SetCurrentMode                   0x0800316d   Thumb Code    54  usb_core.o(i.USB_OTG_SetCurrentMode)
    USB_OTG_WritePacket                      0x080031a3   Thumb Code    40  usb_core.o(i.USB_OTG_WritePacket)
    UsageFault_Handler                       0x080031cb   Thumb Code     2  stm32f4xx_it.o(i.UsageFault_Handler)
    VCP_Ctrl                                 0x080031cd   Thumb Code   124  usbd_cdc_vcp.o(i.VCP_Ctrl)
    VCP_DataRx                               0x080032b5   Thumb Code    86  usbd_cdc_vcp.o(i.VCP_DataRx)
    VCP_DataTx                               0x08003315   Thumb Code    26  usbd_cdc_vcp.o(i.VCP_DataTx)
    VCP_DeInit                               0x08003339   Thumb Code     4  usbd_cdc_vcp.o(i.VCP_DeInit)
    VCP_Init                                 0x0800333d   Thumb Code     4  usbd_cdc_vcp.o(i.VCP_Init)
    __0printf                                0x08003341   Thumb Code    22  printfa.o(i.__0printf)
    __1printf                                0x08003341   Thumb Code     0  printfa.o(i.__0printf)
    __2printf                                0x08003341   Thumb Code     0  printfa.o(i.__0printf)
    __c89printf                              0x08003341   Thumb Code     0  printfa.o(i.__0printf)
    printf                                   0x08003341   Thumb Code     0  printfa.o(i.__0printf)
    __0vsprintf                              0x08003361   Thumb Code    30  printfa.o(i.__0vsprintf)
    __1vsprintf                              0x08003361   Thumb Code     0  printfa.o(i.__0vsprintf)
    __2vsprintf                              0x08003361   Thumb Code     0  printfa.o(i.__0vsprintf)
    __c89vsprintf                            0x08003361   Thumb Code     0  printfa.o(i.__0vsprintf)
    vsprintf                                 0x08003361   Thumb Code     0  printfa.o(i.__0vsprintf)
    __scatterload_copy                       0x08003385   Thumb Code    14  handlers.o(i.__scatterload_copy)
    __scatterload_null                       0x08003393   Thumb Code     2  handlers.o(i.__scatterload_null)
    __scatterload_zeroinit                   0x08003395   Thumb Code    14  handlers.o(i.__scatterload_zeroinit)
    debug_init                               0x08003c41   Thumb Code    24  debug.o(i.debug_init)
    delay_init                               0x08003c5d   Thumb Code    48  delay.o(i.delay_init)
    delay_ms                                 0x08003c91   Thumb Code    52  delay.o(i.delay_ms)
    delay_us                                 0x08003cc9   Thumb Code    50  delay.o(i.delay_us)
    fputc                                    0x08003d01   Thumb Code    12  usart1.o(i.fputc)
    main                                     0x08003d11   Thumb Code   184  main.o(i.main)
    pvPortMalloc                             0x08004619   Thumb Code   208  heap_4.o(i.pvPortMalloc)
    pvTaskIncrementMutexHeldCount            0x080046ed   Thumb Code    20  tasks.o(i.pvTaskIncrementMutexHeldCount)
    pxPortInitialiseStack                    0x08004705   Thumb Code    30  port.o(i.pxPortInitialiseStack)
    uart_data_write                          0x0800473d   Thumb Code    82  uart.o(i.uart_data_write)
    uart_open                                0x08004795   Thumb Code   230  uart.o(i.uart_open)
    usb_printf                               0x08004891   Thumb Code    52  usbd_cdc_vcp.o(i.usb_printf)
    usb_vcp_test                             0x080048c9   Thumb Code   214  system.o(i.usb_vcp_test)
    uxListRemove                             0x08004c51   Thumb Code    36  list.o(i.uxListRemove)
    vListInitialise                          0x08004c75   Thumb Code    22  list.o(i.vListInitialise)
    vListInitialiseItem                      0x08004c8b   Thumb Code     6  list.o(i.vListInitialiseItem)
    vListInsert                              0x08004c91   Thumb Code    48  list.o(i.vListInsert)
    vListInsertEnd                           0x08004cc1   Thumb Code    24  list.o(i.vListInsertEnd)
    vPortEnterCritical                       0x08004cd9   Thumb Code    54  port.o(i.vPortEnterCritical)
    vPortExitCritical                        0x08004d19   Thumb Code    38  port.o(i.vPortExitCritical)
    vPortFree                                0x08004d45   Thumb Code    88  heap_4.o(i.vPortFree)
    vPortSetupTimerInterrupt                 0x08004da1   Thumb Code    26  port.o(i.vPortSetupTimerInterrupt)
    vPortValidateInterruptPriority           0x08004dc1   Thumb Code    74  port.o(i.vPortValidateInterruptPriority)
    vQueueAddToRegistry                      0x08004e15   Thumb Code    32  queue.o(i.vQueueAddToRegistry)
    vQueueWaitForMessageRestricted           0x08004e39   Thumb Code    70  queue.o(i.vQueueWaitForMessageRestricted)
    vTaskDelay                               0x08004e81   Thumb Code    70  tasks.o(i.vTaskDelay)
    vTaskMissedYield                         0x08004ed1   Thumb Code     8  tasks.o(i.vTaskMissedYield)
    vTaskPlaceOnEventList                    0x08004edd   Thumb Code    46  tasks.o(i.vTaskPlaceOnEventList)
    vTaskPlaceOnEventListRestricted          0x08004f11   Thumb Code    54  tasks.o(i.vTaskPlaceOnEventListRestricted)
    vTaskPriorityInherit                     0x08004f4d   Thumb Code   126  tasks.o(i.vTaskPriorityInherit)
    vTaskSetTimeOutState                     0x08004fd5   Thumb Code    32  tasks.o(i.vTaskSetTimeOutState)
    vTaskStartScheduler                      0x08004ff9   Thumb Code    94  tasks.o(i.vTaskStartScheduler)
    vTaskSuspendAll                          0x08005069   Thumb Code    10  tasks.o(i.vTaskSuspendAll)
    vTaskSwitchContext                       0x08005079   Thumb Code    86  tasks.o(i.vTaskSwitchContext)
    w25q64_read_ID                           0x080050d9   Thumb Code    72  w25q64.o(i.w25q64_read_ID)
    xPortStartScheduler                      0x08005125   Thumb Code   204  port.o(i.xPortStartScheduler)
    xPortSysTickHandler                      0x08005205   Thumb Code    38  port.o(i.xPortSysTickHandler)
    xQueueCreateMutex                        0x08005231   Thumb Code    24  queue.o(i.xQueueCreateMutex)
    xQueueGenericCreate                      0x08005249   Thumb Code    68  queue.o(i.xQueueGenericCreate)
    xQueueGenericReceive                     0x0800528d   Thumb Code   388  queue.o(i.xQueueGenericReceive)
    xQueueGenericReset                       0x08005415   Thumb Code   134  queue.o(i.xQueueGenericReset)
    xQueueGenericSend                        0x080054a1   Thumb Code   352  queue.o(i.xQueueGenericSend)
    xQueueGenericSendFromISR                 0x08005605   Thumb Code   190  queue.o(i.xQueueGenericSendFromISR)
    xTaskCheckForTimeOut                     0x080056c5   Thumb Code   112  tasks.o(i.xTaskCheckForTimeOut)
    xTaskCreate                              0x08005739   Thumb Code    96  tasks.o(i.xTaskCreate)
    xTaskGetSchedulerState                   0x08005799   Thumb Code    24  tasks.o(i.xTaskGetSchedulerState)
    xTaskGetTickCount                        0x080057b5   Thumb Code     6  tasks.o(i.xTaskGetTickCount)
    xTaskIncrementTick                       0x080057c1   Thumb Code   196  tasks.o(i.xTaskIncrementTick)
    xTaskPriorityDisinherit                  0x0800588d   Thumb Code   144  tasks.o(i.xTaskPriorityDisinherit)
    xTaskRemoveFromEventList                 0x08005925   Thumb Code   114  tasks.o(i.xTaskRemoveFromEventList)
    xTaskResumeAll                           0x080059a1   Thumb Code   192  tasks.o(i.xTaskResumeAll)
    xTimerCreateTimerTask                    0x08005a6d   Thumb Code    62  timers.o(i.xTimerCreateTimerTask)
    xTimerGenericCommand                     0x08005abd   Thumb Code    98  timers.o(i.xTimerGenericCommand)
    Region$$Table$$Base                      0x08005b70   Number         0  anon$$obj.o(Region$$Table)
    Region$$Table$$Limit                     0x08005b90   Number         0  anon$$obj.o(Region$$Table)
    TransferError                            0x20000007   Data           1  sdio_sdcard.o(.data)
    TransferEnd                              0x20000008   Data           1  sdio_sdcard.o(.data)
    tempbuff                                 0x20000010   Data           4  sdio_sdcard.o(.data)
    SystemCoreClock                          0x20000018   Data           4  system_stm32f4xx.o(.data)
    AHBPrescTable                            0x2000001c   Data          16  system_stm32f4xx.o(.data)
    pxCurrentTCB                             0x2000002c   Data           4  tasks.o(.data)
    debugMutex                               0x200000b0   Data           4  debug.o(.data)
    USBD_DCD_INT_cb                          0x200000b4   Data          44  usbd_core.o(.data)
    USBD_DCD_INT_fops                        0x200000e0   Data           4  usbd_core.o(.data)
    SET_TEST_MODE                            0x200000e4   Data           4  usbd_core.o(.data)
    USBD_ep_status                           0x200000ec   Data           4  usbd_req.o(.data)
    USBD_default_cfg                         0x200000f0   Data           4  usbd_req.o(.data)
    USBD_cfg_status                          0x200000f4   Data           4  usbd_req.o(.data)
    USB_Tx_State                             0x200000f8   Data           1  usbd_cdc_core.o(.data)
    APP_Rx_ptr_in                            0x20000100   Data           4  usbd_cdc_core.o(.data)
    APP_Rx_ptr_out                           0x20000104   Data           4  usbd_cdc_core.o(.data)
    APP_Rx_length                            0x20000108   Data           4  usbd_cdc_core.o(.data)
    CmdBuff                                  0x20000118   Data           8  usbd_cdc_core.o(.data)
    usbd_cdc_CfgDesc                         0x20000120   Data          67  usbd_cdc_core.o(.data)
    USBD_CDC_cb                              0x20000164   Data          44  usbd_cdc_core.o(.data)
    USR_desc                                 0x20000190   Data          28  usbd_desc.o(.data)
    USBD_LangIDDesc                          0x200001ac   Data           4  usbd_desc.o(.data)
    USBD_DeviceDesc                          0x200001b0   Data          18  usbd_desc.o(.data)
    USBD_StringSerial                        0x200001c2   Data          26  usbd_desc.o(.data)
    USB_USART_RX_STA                         0x200001dc   Data           2  usbd_cdc_vcp.o(.data)
    linecoding                               0x200001e0   Data           8  usbd_cdc_vcp.o(.data)
    VCP_fops                                 0x200001e8   Data          20  usbd_cdc_vcp.o(.data)
    bDeviceState                             0x200001fc   Data           1  usbd_usr.o(.data)
    USR_cb                                   0x20000200   Data          28  usbd_usr.o(.data)
    __stdout                                 0x2000021c   Data           4  stdout.o(.data)
    usart1                                   0x20000220   Data         201  usart1.o(.bss)
    xQueueRegistry                           0x200002ec   Data          64  queue.o(.bss)
    read_buf                                 0x2000da54   Data        4096  system.o(.bss)
    USB_OTG_dev                              0x2000ea54   Data        1524  system.o(.bss)
    fsobject                                 0x2000f048   Data        4152  system.o(.bss)
    work                                     0x20010080   Data        4096  system.o(.bss)
    fp                                       0x20011080   Data        4136  system.o(.bss)
    USB_Rx_Buffer                            0x200120a8   Data          64  usbd_cdc_core.o(.bss)
    APP_Rx_Buffer                            0x200120e8   Data        2048  usbd_cdc_core.o(.bss)
    USBD_StrDesc                             0x200128e8   Data         255  usbd_desc.o(.bss)
    USART_PRINTF_Buffer                      0x200129e7   Data         200  usbd_cdc_vcp.o(.bss)
    USB_USART_RX_BUF                         0x20012aaf   Data         200  usbd_cdc_vcp.o(.bss)
    __initial_sp                             0x2001cb78   Data           0  startup_stm32f40_41xxx.o(STACK)



==============================================================================

Memory Map of the image

  Image Entry point : 0x08000189

  Load Region LR_IROM1 (Base: 0x08000000, Size: 0x00005db0, Max: 0x00100000, ABSOLUTE, COMPRESSED[0x00005c88])

    Execution Region ER_IROM1 (Exec base: 0x08000000, Load base: 0x08000000, Size: 0x00005b90, Max: 0x00100000, ABSOLUTE)

    Exec Addr    Load Addr    Size         Type   Attr      Idx    E Section Name        Object

    0x08000000   0x08000000   0x00000188   Data   RO         1361    RESET               startup_stm32f40_41xxx.o
    0x08000188   0x08000188   0x00000000   Code   RO         9249  * .ARM.Collect$$$$00000000  mc_w.l(entry.o)
    0x08000188   0x08000188   0x00000004   Code   RO         9531    .ARM.Collect$$$$00000001  mc_w.l(entry2.o)
    0x0800018c   0x0800018c   0x00000004   Code   RO         9534    .ARM.Collect$$$$00000004  mc_w.l(entry5.o)
    0x08000190   0x08000190   0x00000000   Code   RO         9536    .ARM.Collect$$$$00000008  mc_w.l(entry7b.o)
    0x08000190   0x08000190   0x00000000   Code   RO         9538    .ARM.Collect$$$$0000000A  mc_w.l(entry8b.o)
    0x08000190   0x08000190   0x00000008   Code   RO         9539    .ARM.Collect$$$$0000000B  mc_w.l(entry9a.o)
    0x08000198   0x08000198   0x00000000   Code   RO         9541    .ARM.Collect$$$$0000000D  mc_w.l(entry10a.o)
    0x08000198   0x08000198   0x00000000   Code   RO         9543    .ARM.Collect$$$$0000000F  mc_w.l(entry11a.o)
    0x08000198   0x08000198   0x00000004   Code   RO         9532    .ARM.Collect$$$$00002712  mc_w.l(entry2.o)
    0x0800019c   0x0800019c   0x000000b6   Code   RO         2222    .emb_text           port.o
    0x08000252   0x08000252   0x00000002   PAD
    0x08000254   0x08000254   0x00000024   Code   RO         1362    .text               startup_stm32f40_41xxx.o
    0x08000278   0x08000278   0x00000024   Code   RO         9252    .text               mc_w.l(memcpya.o)
    0x0800029c   0x0800029c   0x00000024   Code   RO         9254    .text               mc_w.l(memseta.o)
    0x080002c0   0x080002c0   0x0000000e   Code   RO         9258    .text               mc_w.l(strlen.o)
    0x080002ce   0x080002ce   0x00000020   Code   RO         9262    .text               mc_w.l(strrchr.o)
    0x080002ee   0x080002ee   0x0000002c   Code   RO         9546    .text               mc_w.l(uidiv.o)
    0x0800031a   0x0800031a   0x00000062   Code   RO         9548    .text               mc_w.l(uldiv.o)
    0x0800037c   0x0800037c   0x00000000   Code   RO         9556    .text               mc_w.l(iusefp.o)
    0x0800037c   0x0800037c   0x0000014e   Code   RO         9557    .text               mf_w.l(dadd.o)
    0x080004ca   0x080004ca   0x000000e4   Code   RO         9559    .text               mf_w.l(dmul.o)
    0x080005ae   0x080005ae   0x000000de   Code   RO         9561    .text               mf_w.l(ddiv.o)
    0x0800068c   0x0800068c   0x00000030   Code   RO         9563    .text               mf_w.l(dfixul.o)
    0x080006bc   0x080006bc   0x00000030   Code   RO         9565    .text               mf_w.l(cdrcmple.o)
    0x080006ec   0x080006ec   0x00000024   Code   RO         9567    .text               mc_w.l(init.o)
    0x08000710   0x08000710   0x0000001e   Code   RO         9569    .text               mc_w.l(llshl.o)
    0x0800072e   0x0800072e   0x00000020   Code   RO         9571    .text               mc_w.l(llushr.o)
    0x0800074e   0x0800074e   0x00000024   Code   RO         9573    .text               mc_w.l(llsshr.o)
    0x08000772   0x08000772   0x000000ba   Code   RO         9579    .text               mf_w.l(depilogue.o)
    0x0800082c   0x0800082c   0x00000056   Code   RO         9592    .text               mc_w.l(__dczerorl2.o)
    0x08000882   0x08000882   0x00000002   PAD
    0x08000884   0x08000884   0x00000028   Code   RO         7308    i.AppTask           system.o
    0x080008ac   0x080008ac   0x00000002   Code   RO         1258    i.BusFault_Handler  stm32f4xx_it.o
    0x080008ae   0x080008ae   0x00000002   PAD
    0x080008b0   0x080008b0   0x0000004c   Code   RO          892    i.CmdResp1Error     sdio_sdcard.o
    0x080008fc   0x080008fc   0x0000002c   Code   RO         8447    i.DCD_EP_Close      usb_dcd.o
    0x08000928   0x08000928   0x00000038   Code   RO         8448    i.DCD_EP_ClrStall   usb_dcd.o
    0x08000960   0x08000960   0x0000003c   Code   RO         8450    i.DCD_EP_Open       usb_dcd.o
    0x0800099c   0x0800099c   0x00000038   Code   RO         8451    i.DCD_EP_PrepareRx  usb_dcd.o
    0x080009d4   0x080009d4   0x00000010   Code   RO         8452    i.DCD_EP_SetAddress  usb_dcd.o
    0x080009e4   0x080009e4   0x00000038   Code   RO         8453    i.DCD_EP_Stall      usb_dcd.o
    0x08000a1c   0x08000a1c   0x00000034   Code   RO         8454    i.DCD_EP_Tx         usb_dcd.o
    0x08000a50   0x08000a50   0x0000005c   Code   RO         8541    i.DCD_HandleEnumDone_ISR  usb_dcd_int.o
    0x08000aac   0x08000aac   0x000000c8   Code   RO         8542    i.DCD_HandleInEP_ISR  usb_dcd_int.o
    0x08000b74   0x08000b74   0x000000b8   Code   RO         8543    i.DCD_HandleOutEP_ISR  usb_dcd_int.o
    0x08000c2c   0x08000c2c   0x00000040   Code   RO         8544    i.DCD_HandleResume_ISR  usb_dcd_int.o
    0x08000c6c   0x08000c6c   0x00000086   Code   RO         8545    i.DCD_HandleRxStatusQueueLevel_ISR  usb_dcd_int.o
    0x08000cf2   0x08000cf2   0x00000002   PAD
    0x08000cf4   0x08000cf4   0x0000001c   Code   RO         8546    i.DCD_HandleSof_ISR  usb_dcd_int.o
    0x08000d10   0x08000d10   0x00000074   Code   RO         8547    i.DCD_HandleUSBSuspend_ISR  usb_dcd_int.o
    0x08000d84   0x08000d84   0x000000a4   Code   RO         8548    i.DCD_HandleUsbReset_ISR  usb_dcd_int.o
    0x08000e28   0x08000e28   0x00000088   Code   RO         8456    i.DCD_Init          usb_dcd.o
    0x08000eb0   0x08000eb0   0x00000020   Code   RO         8549    i.DCD_IsoINIncomplete_ISR  usb_dcd_int.o
    0x08000ed0   0x08000ed0   0x00000020   Code   RO         8550    i.DCD_IsoOUTIncomplete_ISR  usb_dcd_int.o
    0x08000ef0   0x08000ef0   0x0000001c   Code   RO         8551    i.DCD_ReadDevInEP   usb_dcd_int.o
    0x08000f0c   0x08000f0c   0x00000098   Code   RO         8552    i.DCD_WriteEmptyTxFifo  usb_dcd_int.o
    0x08000fa4   0x08000fa4   0x00000002   Code   RO         1259    i.DebugMon_Handler  stm32f4xx_it.o
    0x08000fa6   0x08000fa6   0x0000007c   Code   RO         4093    i.GPIO_Init         stm32f4xx_gpio.o
    0x08001022   0x08001022   0x00000020   Code   RO         4094    i.GPIO_PinAFConfig  stm32f4xx_gpio.o
    0x08001042   0x08001042   0x00000002   PAD
    0x08001044   0x08001044   0x00000038   Code   RO         9027    i.Get_SerialNum     usbd_desc.o
    0x0800107c   0x0800107c   0x0000006c   Code   RO         8890    i.Handle_USBAsynchXfer  usbd_cdc_core.o
    0x080010e8   0x080010e8   0x00000002   Code   RO         1260    i.HardFault_Handler  stm32f4xx_it.o
    0x080010ea   0x080010ea   0x0000003a   Code   RO         9028    i.IntToUnicode      usbd_desc.o
    0x08001124   0x08001124   0x000000d8   Code   RO          309    i.LED_Init          led.o
    0x080011fc   0x080011fc   0x00000002   Code   RO         1261    i.MemManage_Handler  stm32f4xx_it.o
    0x080011fe   0x080011fe   0x00000002   Code   RO         1262    i.NMI_Handler       stm32f4xx_it.o
    0x08001200   0x08001200   0x00000068   Code   RO         2302    i.NVIC_Init         misc_1.o
    0x08001268   0x08001268   0x00000014   Code   RO         2303    i.NVIC_PriorityGroupConfig  misc_1.o
    0x0800127c   0x0800127c   0x0000000c   Code   RO         9177    i.OTG_FS_IRQHandler  usbd_usr.o
    0x08001288   0x08001288   0x0000001c   Code   RO         4989    i.RCC_AHB1PeriphClockCmd  stm32f4xx_rcc.o
    0x080012a4   0x080012a4   0x0000001c   Code   RO         4992    i.RCC_AHB2PeriphClockCmd  stm32f4xx_rcc.o
    0x080012c0   0x080012c0   0x0000001c   Code   RO         4998    i.RCC_APB1PeriphClockCmd  stm32f4xx_rcc.o
    0x080012dc   0x080012dc   0x0000001c   Code   RO         5001    i.RCC_APB2PeriphClockCmd  stm32f4xx_rcc.o
    0x080012f8   0x080012f8   0x000000a4   Code   RO         5010    i.RCC_GetClocksFreq  stm32f4xx_rcc.o
    0x0800139c   0x0800139c   0x00000004   Code   RO          901    i.SDIO_IRQHandler   sdio_sdcard.o
    0x080013a0   0x080013a0   0x00000024   Code   RO          902    i.SDIO_Send_Cmd     sdio_sdcard.o
    0x080013c4   0x080013c4   0x000000dc   Code   RO          912    i.SD_ProcessIRQSrc  sdio_sdcard.o
    0x080014a0   0x080014a0   0x00000034   Code   RO          463    i.SPI1_Send_Read    spi.o
    0x080014d4   0x080014d4   0x0000000e   Code   RO         6134    i.SPI_I2S_GetFlagStatus  stm32f4xx_spi.o
    0x080014e2   0x080014e2   0x00000004   Code   RO         6137    i.SPI_I2S_ReceiveData  stm32f4xx_spi.o
    0x080014e6   0x080014e6   0x00000004   Code   RO         6138    i.SPI_I2S_SendData  stm32f4xx_spi.o
    0x080014ea   0x080014ea   0x00000002   PAD
    0x080014ec   0x080014ec   0x000000b8   Code   RO         1321    i.SetSysClock       system_stm32f4xx.o
    0x080015a4   0x080015a4   0x00000124   Code   RO          464    i.Spi1_init         spi.o
    0x080016c8   0x080016c8   0x0000001c   Code   RO         2306    i.SysTick_CLKSourceConfig  misc_1.o
    0x080016e4   0x080016e4   0x00000014   Code   RO         1208    i.SysTick_Handler   delay.o
    0x080016f8   0x080016f8   0x0000005c   Code   RO         1323    i.SystemInit        system_stm32f4xx.o
    0x08001754   0x08001754   0x000000ac   Code   RO         7172    i.UART1_Configuration  uart.o
    0x08001800   0x08001800   0x00000020   Code   RO         7173    i.UART1_NVIC_Configuration  uart.o
    0x08001820   0x08001820   0x000000b0   Code   RO         7174    i.UART2_Configuration  uart.o
    0x080018d0   0x080018d0   0x00000020   Code   RO         7175    i.UART2_NVIC_Configuration  uart.o
    0x080018f0   0x080018f0   0x000000ac   Code   RO         7176    i.UART3_Configuration  uart.o
    0x0800199c   0x0800199c   0x00000020   Code   RO         7177    i.UART3_NVIC_Configuration  uart.o
    0x080019bc   0x080019bc   0x000000b0   Code   RO         7178    i.UART4_Configuration  uart.o
    0x08001a6c   0x08001a6c   0x00000020   Code   RO         7179    i.UART4_NVIC_Configuration  uart.o
    0x08001a8c   0x08001a8c   0x00000040   Code   RO          523    i.USART1_IRQHandler  usart1.o
    0x08001acc   0x08001acc   0x0000002c   Code   RO         1263    i.USART2_IRQHandler  stm32f4xx_it.o
    0x08001af8   0x08001af8   0x00000018   Code   RO         6918    i.USART_Cmd         stm32f4xx_usart.o
    0x08001b10   0x08001b10   0x00000040   Code   RO         6922    i.USART_GetITStatus  stm32f4xx_usart.o
    0x08001b50   0x08001b50   0x00000036   Code   RO         6924    i.USART_ITConfig    stm32f4xx_usart.o
    0x08001b86   0x08001b86   0x00000002   PAD
    0x08001b88   0x08001b88   0x000000bc   Code   RO         6925    i.USART_Init        stm32f4xx_usart.o
    0x08001c44   0x08001c44   0x00000008   Code   RO         6932    i.USART_ReceiveData  stm32f4xx_usart.o
    0x08001c4c   0x08001c4c   0x0000000e   Code   RO         8629    i.USBD_ClrCfg       usbd_core.o
    0x08001c5a   0x08001c5a   0x0000003c   Code   RO         8792    i.USBD_ClrFeature   usbd_req.o
    0x08001c96   0x08001c96   0x00000012   Code   RO         8732    i.USBD_CtlContinueRx  usbd_ioreq.o
    0x08001ca8   0x08001ca8   0x00000012   Code   RO         8733    i.USBD_CtlContinueSendData  usbd_ioreq.o
    0x08001cba   0x08001cba   0x0000001e   Code   RO         8793    i.USBD_CtlError     usbd_req.o
    0x08001cd8   0x08001cd8   0x00000020   Code   RO         8734    i.USBD_CtlPrepareRx  usbd_ioreq.o
    0x08001cf8   0x08001cf8   0x00000022   Code   RO         8735    i.USBD_CtlReceiveStatus  usbd_ioreq.o
    0x08001d1a   0x08001d1a   0x00000020   Code   RO         8736    i.USBD_CtlSendData  usbd_ioreq.o
    0x08001d3a   0x08001d3a   0x00000022   Code   RO         8737    i.USBD_CtlSendStatus  usbd_ioreq.o
    0x08001d5c   0x08001d5c   0x000000ac   Code   RO         8630    i.USBD_DataInStage  usbd_core.o
    0x08001e08   0x08001e08   0x0000007a   Code   RO         8631    i.USBD_DataOutStage  usbd_core.o
    0x08001e82   0x08001e82   0x00000004   Code   RO         8632    i.USBD_DeInit       usbd_core.o
    0x08001e86   0x08001e86   0x00000002   PAD
    0x08001e88   0x08001e88   0x00000030   Code   RO         8794    i.USBD_GetConfig    usbd_req.o
    0x08001eb8   0x08001eb8   0x0000010a   Code   RO         8795    i.USBD_GetDescriptor  usbd_req.o
    0x08001fc2   0x08001fc2   0x00000014   Code   RO         8796    i.USBD_GetLen       usbd_req.o
    0x08001fd6   0x08001fd6   0x00000002   PAD
    0x08001fd8   0x08001fd8   0x00000030   Code   RO         8797    i.USBD_GetStatus    usbd_req.o
    0x08002008   0x08002008   0x0000003c   Code   RO         8798    i.USBD_GetString    usbd_req.o
    0x08002044   0x08002044   0x00000040   Code   RO         8633    i.USBD_Init         usbd_core.o
    0x08002084   0x08002084   0x0000000e   Code   RO         8634    i.USBD_IsoINIncomplete  usbd_core.o
    0x08002092   0x08002092   0x0000000e   Code   RO         8635    i.USBD_IsoOUTIncomplete  usbd_core.o
    0x080020a0   0x080020a0   0x000000ac   Code   RO         8553    i.USBD_OTG_ISR_Handler  usb_dcd_int.o
    0x0800214c   0x0800214c   0x00000044   Code   RO         8799    i.USBD_ParseSetupRequest  usbd_req.o
    0x08002190   0x08002190   0x00000030   Code   RO         8636    i.USBD_Reset        usbd_core.o
    0x080021c0   0x080021c0   0x00000016   Code   RO         8637    i.USBD_Resume       usbd_core.o
    0x080021d6   0x080021d6   0x00000002   PAD
    0x080021d8   0x080021d8   0x00000010   Code   RO         8638    i.USBD_RunTestMode  usbd_core.o
    0x080021e8   0x080021e8   0x00000012   Code   RO         8639    i.USBD_SOF          usbd_core.o
    0x080021fa   0x080021fa   0x00000054   Code   RO         8800    i.USBD_SetAddress   usbd_req.o
    0x0800224e   0x0800224e   0x0000001a   Code   RO         8640    i.USBD_SetCfg       usbd_core.o
    0x08002268   0x08002268   0x000000ac   Code   RO         8801    i.USBD_SetConfig    usbd_req.o
    0x08002314   0x08002314   0x00000090   Code   RO         8802    i.USBD_SetFeature   usbd_req.o
    0x080023a4   0x080023a4   0x0000004a   Code   RO         8641    i.USBD_SetupStage   usbd_core.o
    0x080023ee   0x080023ee   0x0000004a   Code   RO         8803    i.USBD_StdDevReq    usbd_req.o
    0x08002438   0x08002438   0x00000120   Code   RO         8804    i.USBD_StdEPReq     usbd_req.o
    0x08002558   0x08002558   0x00000046   Code   RO         8805    i.USBD_StdItfReq    usbd_req.o
    0x0800259e   0x0800259e   0x0000001a   Code   RO         8642    i.USBD_Suspend      usbd_core.o
    0x080025b8   0x080025b8   0x00000030   Code   RO         9029    i.USBD_USR_ConfigStrDescriptor  usbd_desc.o
    0x080025e8   0x080025e8   0x0000002c   Code   RO         9178    i.USBD_USR_DeviceConfigured  usbd_usr.o
    0x08002614   0x08002614   0x00000028   Code   RO         9179    i.USBD_USR_DeviceConnected  usbd_usr.o
    0x0800263c   0x0800263c   0x0000000c   Code   RO         9030    i.USBD_USR_DeviceDescriptor  usbd_desc.o
    0x08002648   0x08002648   0x0000002c   Code   RO         9180    i.USBD_USR_DeviceDisconnected  usbd_usr.o
    0x08002674   0x08002674   0x00000088   Code   RO         9181    i.USBD_USR_DeviceReset  usbd_usr.o
    0x080026fc   0x080026fc   0x0000001c   Code   RO         9182    i.USBD_USR_DeviceResumed  usbd_usr.o
    0x08002718   0x08002718   0x0000002c   Code   RO         9183    i.USBD_USR_DeviceSuspended  usbd_usr.o
    0x08002744   0x08002744   0x00000002   Code   RO         9184    i.USBD_USR_Init     usbd_usr.o
    0x08002746   0x08002746   0x00000002   PAD
    0x08002748   0x08002748   0x00000034   Code   RO         9031    i.USBD_USR_InterfaceStrDescriptor  usbd_desc.o
    0x0800277c   0x0800277c   0x0000000c   Code   RO         9032    i.USBD_USR_LangIDStrDescriptor  usbd_desc.o
    0x08002788   0x08002788   0x00000028   Code   RO         9033    i.USBD_USR_ManufacturerStrDescriptor  usbd_desc.o
    0x080027b0   0x080027b0   0x00000044   Code   RO         9034    i.USBD_USR_ProductStrDescriptor  usbd_desc.o
    0x080027f4   0x080027f4   0x00000014   Code   RO         9035    i.USBD_USR_SerialStrDescriptor  usbd_desc.o
    0x08002808   0x08002808   0x0000000c   Code   RO         8891    i.USBD_cdc_GetCfgDesc  usbd_cdc_core.o
    0x08002814   0x08002814   0x00000022   Code   RO         8966    i.USB_OTG_BSP_EnableInterrupt  usb_bsp.o
    0x08002836   0x08002836   0x00000002   PAD
    0x08002838   0x08002838   0x00000074   Code   RO         8967    i.USB_OTG_BSP_Init  usb_bsp.o
    0x080028ac   0x080028ac   0x00000004   Code   RO         8968    i.USB_OTG_BSP_mDelay  usb_bsp.o
    0x080028b0   0x080028b0   0x00000004   Code   RO         8969    i.USB_OTG_BSP_uDelay  usb_bsp.o
    0x080028b4   0x080028b4   0x000000a4   Code   RO         8211    i.USB_OTG_CoreInit  usb_core.o
    0x08002958   0x08002958   0x00000148   Code   RO         8212    i.USB_OTG_CoreInitDev  usb_core.o
    0x08002aa0   0x08002aa0   0x0000005c   Code   RO         8213    i.USB_OTG_CoreReset  usb_core.o
    0x08002afc   0x08002afc   0x00000010   Code   RO         8214    i.USB_OTG_DisableGlobalInt  usb_core.o
    0x08002b0c   0x08002b0c   0x0000004a   Code   RO         8215    i.USB_OTG_EP0Activate  usb_core.o
    0x08002b56   0x08002b56   0x0000010a   Code   RO         8216    i.USB_OTG_EP0StartXfer  usb_core.o
    0x08002c60   0x08002c60   0x00000038   Code   RO         8217    i.USB_OTG_EP0_OutStart  usb_core.o
    0x08002c98   0x08002c98   0x0000005c   Code   RO         8218    i.USB_OTG_EPActivate  usb_core.o
    0x08002cf4   0x08002cf4   0x0000003c   Code   RO         8219    i.USB_OTG_EPClearStall  usb_core.o
    0x08002d30   0x08002d30   0x00000036   Code   RO         8220    i.USB_OTG_EPDeactivate  usb_core.o
    0x08002d66   0x08002d66   0x00000040   Code   RO         8221    i.USB_OTG_EPSetStall  usb_core.o
    0x08002da6   0x08002da6   0x0000015c   Code   RO         8222    i.USB_OTG_EPStartXfer  usb_core.o
    0x08002f02   0x08002f02   0x00000002   PAD
    0x08002f04   0x08002f04   0x0000001c   Code   RO         8223    i.USB_OTG_EnableCommonInt  usb_core.o
    0x08002f20   0x08002f20   0x00000054   Code   RO         8224    i.USB_OTG_EnableDevInt  usb_core.o
    0x08002f74   0x08002f74   0x00000010   Code   RO         8225    i.USB_OTG_EnableGlobalInt  usb_core.o
    0x08002f84   0x08002f84   0x0000003c   Code   RO         8226    i.USB_OTG_FlushRxFifo  usb_core.o
    0x08002fc0   0x08002fc0   0x00000044   Code   RO         8227    i.USB_OTG_FlushTxFifo  usb_core.o
    0x08003004   0x08003004   0x0000002c   Code   RO         8228    i.USB_OTG_GetDeviceSpeed  usb_core.o
    0x08003030   0x08003030   0x0000000a   Code   RO         8230    i.USB_OTG_GetMode   usb_core.o
    0x0800303a   0x0800303a   0x0000000c   Code   RO         8231    i.USB_OTG_InitDevSpeed  usb_core.o
    0x08003046   0x08003046   0x00000012   Code   RO         8232    i.USB_OTG_IsDeviceMode  usb_core.o
    0x08003058   0x08003058   0x0000000a   Code   RO         8234    i.USB_OTG_ReadCoreItr  usb_core.o
    0x08003062   0x08003062   0x0000000c   Code   RO         8235    i.USB_OTG_ReadDevAllInEPItr  usb_core.o
    0x0800306e   0x0800306e   0x0000000c   Code   RO         8236    i.USB_OTG_ReadDevAllOutEp_itr  usb_core.o
    0x0800307a   0x0800307a   0x00000010   Code   RO         8237    i.USB_OTG_ReadDevOutEP_itr  usb_core.o
    0x0800308a   0x0800308a   0x00000020   Code   RO         8239    i.USB_OTG_ReadPacket  usb_core.o
    0x080030aa   0x080030aa   0x00000002   PAD
    0x080030ac   0x080030ac   0x000000c0   Code   RO         8240    i.USB_OTG_SelectCore  usb_core.o
    0x0800316c   0x0800316c   0x00000036   Code   RO         8241    i.USB_OTG_SetCurrentMode  usb_core.o
    0x080031a2   0x080031a2   0x00000028   Code   RO         8245    i.USB_OTG_WritePacket  usb_core.o
    0x080031ca   0x080031ca   0x00000002   Code   RO         1264    i.UsageFault_Handler  stm32f4xx_it.o
    0x080031cc   0x080031cc   0x000000e8   Code   RO         9107    i.VCP_Ctrl          usbd_cdc_vcp.o
    0x080032b4   0x080032b4   0x00000060   Code   RO         9108    i.VCP_DataRx        usbd_cdc_vcp.o
    0x08003314   0x08003314   0x00000024   Code   RO         9109    i.VCP_DataTx        usbd_cdc_vcp.o
    0x08003338   0x08003338   0x00000004   Code   RO         9110    i.VCP_DeInit        usbd_cdc_vcp.o
    0x0800333c   0x0800333c   0x00000004   Code   RO         9111    i.VCP_Init          usbd_cdc_vcp.o
    0x08003340   0x08003340   0x00000020   Code   RO         9499    i.__0printf         mc_w.l(printfa.o)
    0x08003360   0x08003360   0x00000024   Code   RO         9505    i.__0vsprintf       mc_w.l(printfa.o)
    0x08003384   0x08003384   0x0000000e   Code   RO         9586    i.__scatterload_copy  mc_w.l(handlers.o)
    0x08003392   0x08003392   0x00000002   Code   RO         9587    i.__scatterload_null  mc_w.l(handlers.o)
    0x08003394   0x08003394   0x0000000e   Code   RO         9588    i.__scatterload_zeroinit  mc_w.l(handlers.o)
    0x080033a2   0x080033a2   0x00000002   PAD
    0x080033a4   0x080033a4   0x00000164   Code   RO         9506    i._fp_digits        mc_w.l(printfa.o)
    0x08003508   0x08003508   0x000006dc   Code   RO         9507    i._printf_core      mc_w.l(printfa.o)
    0x08003be4   0x08003be4   0x00000024   Code   RO         9508    i._printf_post_padding  mc_w.l(printfa.o)
    0x08003c08   0x08003c08   0x0000002e   Code   RO         9509    i._printf_pre_padding  mc_w.l(printfa.o)
    0x08003c36   0x08003c36   0x0000000a   Code   RO         9511    i._sputc            mc_w.l(printfa.o)
    0x08003c40   0x08003c40   0x0000001c   Code   RO         7624    i.debug_init        debug.o
    0x08003c5c   0x08003c5c   0x00000034   Code   RO         1209    i.delay_init        delay.o
    0x08003c90   0x08003c90   0x00000038   Code   RO         1210    i.delay_ms          delay.o
    0x08003cc8   0x08003cc8   0x00000038   Code   RO         1211    i.delay_us          delay.o
    0x08003d00   0x08003d00   0x00000010   Code   RO          526    i.fputc             usart1.o
    0x08003d10   0x08003d10   0x00000144   Code   RO          333    i.main              main.o
    0x08003e54   0x08003e54   0x00000070   Code   RO         1706    i.prvAddCurrentTaskToDelayedList  tasks.o
    0x08003ec4   0x08003ec4   0x0000008c   Code   RO         1707    i.prvAddNewTaskToReadyList  tasks.o
    0x08003f50   0x08003f50   0x00000050   Code   RO         2043    i.prvCheckForValidListAndQueue  timers.o
    0x08003fa0   0x08003fa0   0x00000054   Code   RO         1708    i.prvCheckTasksWaitingTermination  tasks.o
    0x08003ff4   0x08003ff4   0x00000028   Code   RO         1511    i.prvCopyDataFromQueue  queue.o
    0x0800401c   0x0800401c   0x0000006e   Code   RO         1512    i.prvCopyDataToQueue  queue.o
    0x0800408a   0x0800408a   0x00000014   Code   RO         1709    i.prvDeleteTCB      tasks.o
    0x0800409e   0x0800409e   0x00000002   PAD
    0x080040a0   0x080040a0   0x00000024   Code   RO         2044    i.prvGetNextExpireTime  timers.o
    0x080040c4   0x080040c4   0x0000004c   Code   RO         2173    i.prvHeapInit       heap_4.o
    0x08004110   0x08004110   0x00000028   Code   RO         1710    i.prvIdleTask       tasks.o
    0x08004138   0x08004138   0x00000018   Code   RO         1513    i.prvInitialiseMutex  queue.o
    0x08004150   0x08004150   0x00000022   Code   RO         1514    i.prvInitialiseNewQueue  queue.o
    0x08004172   0x08004172   0x0000009a   Code   RO         1711    i.prvInitialiseNewTask  tasks.o
    0x0800420c   0x0800420c   0x00000058   Code   RO         1712    i.prvInitialiseTaskLists  tasks.o
    0x08004264   0x08004264   0x00000054   Code   RO         2174    i.prvInsertBlockIntoFreeList  heap_4.o
    0x080042b8   0x080042b8   0x00000040   Code   RO         2046    i.prvInsertTimerInActiveList  timers.o
    0x080042f8   0x080042f8   0x0000001a   Code   RO         1515    i.prvIsQueueEmpty   queue.o
    0x08004312   0x08004312   0x0000001e   Code   RO         1516    i.prvIsQueueFull    queue.o
    0x08004330   0x08004330   0x0000005c   Code   RO         2047    i.prvProcessExpiredTimer  timers.o
    0x0800438c   0x0800438c   0x000000b8   Code   RO         2048    i.prvProcessReceivedCommands  timers.o
    0x08004444   0x08004444   0x0000006c   Code   RO         2049    i.prvProcessTimerOrBlockTask  timers.o
    0x080044b0   0x080044b0   0x00000024   Code   RO         1714    i.prvResetNextTaskUnblockTime  tasks.o
    0x080044d4   0x080044d4   0x0000002c   Code   RO         2050    i.prvSampleTimeNow  timers.o
    0x08004500   0x08004500   0x0000006c   Code   RO         2051    i.prvSwitchTimerLists  timers.o
    0x0800456c   0x0800456c   0x0000002c   Code   RO         2223    i.prvTaskExitError  port.o
    0x08004598   0x08004598   0x00000014   Code   RO         2052    i.prvTimerTask      timers.o
    0x080045ac   0x080045ac   0x0000006a   Code   RO         1517    i.prvUnlockQueue    queue.o
    0x08004616   0x08004616   0x00000002   PAD
    0x08004618   0x08004618   0x000000d4   Code   RO         2175    i.pvPortMalloc      heap_4.o
    0x080046ec   0x080046ec   0x00000018   Code   RO         1717    i.pvTaskIncrementMutexHeldCount  tasks.o
    0x08004704   0x08004704   0x00000024   Code   RO         2224    i.pxPortInitialiseStack  port.o
    0x08004728   0x08004728   0x00000014   Code   RO         7185    i.uart_data_clear   uart.o
    0x0800473c   0x0800473c   0x00000058   Code   RO         7188    i.uart_data_write   uart.o
    0x08004794   0x08004794   0x000000fc   Code   RO         7189    i.uart_open         uart.o
    0x08004890   0x08004890   0x00000038   Code   RO         9112    i.usb_printf        usbd_cdc_vcp.o
    0x080048c8   0x080048c8   0x00000178   Code   RO         7312    i.usb_vcp_test      system.o
    0x08004a40   0x08004a40   0x0000004c   Code   RO         8892    i.usbd_cdc_DataIn   usbd_cdc_core.o
    0x08004a8c   0x08004a8c   0x00000034   Code   RO         8893    i.usbd_cdc_DataOut  usbd_cdc_core.o
    0x08004ac0   0x08004ac0   0x0000002c   Code   RO         8894    i.usbd_cdc_DeInit   usbd_cdc_core.o
    0x08004aec   0x08004aec   0x00000028   Code   RO         8895    i.usbd_cdc_EP0_RxReady  usbd_cdc_core.o
    0x08004b14   0x08004b14   0x00000054   Code   RO         8896    i.usbd_cdc_Init     usbd_cdc_core.o
    0x08004b68   0x08004b68   0x00000020   Code   RO         8897    i.usbd_cdc_SOF      usbd_cdc_core.o
    0x08004b88   0x08004b88   0x000000c8   Code   RO         8898    i.usbd_cdc_Setup    usbd_cdc_core.o
    0x08004c50   0x08004c50   0x00000024   Code   RO         1474    i.uxListRemove      list.o
    0x08004c74   0x08004c74   0x00000016   Code   RO         1475    i.vListInitialise   list.o
    0x08004c8a   0x08004c8a   0x00000006   Code   RO         1476    i.vListInitialiseItem  list.o
    0x08004c90   0x08004c90   0x00000030   Code   RO         1477    i.vListInsert       list.o
    0x08004cc0   0x08004cc0   0x00000018   Code   RO         1478    i.vListInsertEnd    list.o
    0x08004cd8   0x08004cd8   0x00000040   Code   RO         2226    i.vPortEnterCritical  port.o
    0x08004d18   0x08004d18   0x0000002c   Code   RO         2227    i.vPortExitCritical  port.o
    0x08004d44   0x08004d44   0x0000005c   Code   RO         2176    i.vPortFree         heap_4.o
    0x08004da0   0x08004da0   0x00000020   Code   RO         2228    i.vPortSetupTimerInterrupt  port.o
    0x08004dc0   0x08004dc0   0x00000054   Code   RO         2229    i.vPortValidateInterruptPriority  port.o
    0x08004e14   0x08004e14   0x00000024   Code   RO         1523    i.vQueueAddToRegistry  queue.o
    0x08004e38   0x08004e38   0x00000046   Code   RO         1527    i.vQueueWaitForMessageRestricted  queue.o
    0x08004e7e   0x08004e7e   0x00000002   PAD
    0x08004e80   0x08004e80   0x00000050   Code   RO         1725    i.vTaskDelay        tasks.o
    0x08004ed0   0x08004ed0   0x0000000c   Code   RO         1730    i.vTaskMissedYield  tasks.o
    0x08004edc   0x08004edc   0x00000034   Code   RO         1732    i.vTaskPlaceOnEventList  tasks.o
    0x08004f10   0x08004f10   0x0000003c   Code   RO         1733    i.vTaskPlaceOnEventListRestricted  tasks.o
    0x08004f4c   0x08004f4c   0x00000088   Code   RO         1735    i.vTaskPriorityInherit  tasks.o
    0x08004fd4   0x08004fd4   0x00000024   Code   RO         1739    i.vTaskSetTimeOutState  tasks.o
    0x08004ff8   0x08004ff8   0x00000070   Code   RO         1740    i.vTaskStartScheduler  tasks.o
    0x08005068   0x08005068   0x00000010   Code   RO         1742    i.vTaskSuspendAll   tasks.o
    0x08005078   0x08005078   0x00000060   Code   RO         1743    i.vTaskSwitchContext  tasks.o
    0x080050d8   0x080050d8   0x0000004c   Code   RO          620    i.w25q64_read_ID    w25q64.o
    0x08005124   0x08005124   0x000000e0   Code   RO         2230    i.xPortStartScheduler  port.o
    0x08005204   0x08005204   0x0000002c   Code   RO         2231    i.xPortSysTickHandler  port.o
    0x08005230   0x08005230   0x00000018   Code   RO         1529    i.xQueueCreateMutex  queue.o
    0x08005248   0x08005248   0x00000044   Code   RO         1530    i.xQueueGenericCreate  queue.o
    0x0800528c   0x0800528c   0x00000188   Code   RO         1531    i.xQueueGenericReceive  queue.o
    0x08005414   0x08005414   0x0000008c   Code   RO         1532    i.xQueueGenericReset  queue.o
    0x080054a0   0x080054a0   0x00000164   Code   RO         1533    i.xQueueGenericSend  queue.o
    0x08005604   0x08005604   0x000000be   Code   RO         1534    i.xQueueGenericSendFromISR  queue.o
    0x080056c2   0x080056c2   0x00000002   PAD
    0x080056c4   0x080056c4   0x00000074   Code   RO         1744    i.xTaskCheckForTimeOut  tasks.o
    0x08005738   0x08005738   0x00000060   Code   RO         1745    i.xTaskCreate       tasks.o
    0x08005798   0x08005798   0x0000001c   Code   RO         1749    i.xTaskGetSchedulerState  tasks.o
    0x080057b4   0x080057b4   0x0000000c   Code   RO         1750    i.xTaskGetTickCount  tasks.o
    0x080057c0   0x080057c0   0x000000cc   Code   RO         1752    i.xTaskIncrementTick  tasks.o
    0x0800588c   0x0800588c   0x00000098   Code   RO         1755    i.xTaskPriorityDisinherit  tasks.o
    0x08005924   0x08005924   0x0000007c   Code   RO         1756    i.xTaskRemoveFromEventList  tasks.o
    0x080059a0   0x080059a0   0x000000cc   Code   RO         1758    i.xTaskResumeAll    tasks.o
    0x08005a6c   0x08005a6c   0x00000050   Code   RO         2056    i.xTimerCreateTimerTask  timers.o
    0x08005abc   0x08005abc   0x00000068   Code   RO         2057    i.xTimerGenericCommand  timers.o
    0x08005b24   0x08005b24   0x00000005   Data   RO          334    .constdata          main.o
    0x08005b29   0x08005b29   0x00000003   PAD
    0x08005b2c   0x08005b2c   0x00000041   Data   RO          335    .conststring        main.o
    0x08005b6d   0x08005b6d   0x00000003   PAD
    0x08005b70   0x08005b70   0x00000020   Data   RO         9584    Region$$Table       anon$$obj.o


    Execution Region RW_IRAM1 (Exec base: 0x20000000, Load base: 0x08005b90, Size: 0x0001cb78, Max: 0x00030000, ABSOLUTE, COMPRESSED[0x000000f8])

    Exec Addr    Load Addr    Size         Type   Attr      Idx    E Section Name        Object

    0x20000000   COMPRESSED   0x00000001   Data   RW          528    .data               usart1.o
    0x20000001   COMPRESSED   0x00000003   PAD
    0x20000004   COMPRESSED   0x00000010   Data   RW          924    .data               sdio_sdcard.o
    0x20000014   COMPRESSED   0x00000004   Data   RW         1213    .data               delay.o
    0x20000018   COMPRESSED   0x00000014   Data   RW         1324    .data               system_stm32f4xx.o
    0x2000002c   COMPRESSED   0x0000003c   Data   RW         1761    .data               tasks.o
    0x20000068   COMPRESSED   0x00000014   Data   RW         2063    .data               timers.o
    0x2000007c   COMPRESSED   0x00000018   Data   RW         2181    .data               heap_4.o
    0x20000094   COMPRESSED   0x0000000c   Data   RW         2232    .data               port.o
    0x200000a0   COMPRESSED   0x00000010   Data   RW         5042    .data               stm32f4xx_rcc.o
    0x200000b0   COMPRESSED   0x00000004   Data   RW         7625    .data               debug.o
    0x200000b4   COMPRESSED   0x0000002c   Data   RW         8643    .data               usbd_core.o
    0x200000e0   COMPRESSED   0x00000004   Data   RW         8644    .data               usbd_core.o
    0x200000e4   COMPRESSED   0x00000004   Data   RW         8645    .data               usbd_core.o
    0x200000e8   COMPRESSED   0x00000010   Data   RW         8806    .data               usbd_req.o
    0x200000f8   COMPRESSED   0x0000006b   Data   RW         8901    .data               usbd_cdc_core.o
    0x20000163   COMPRESSED   0x00000001   PAD
    0x20000164   COMPRESSED   0x0000002c   Data   RW         8902    .data               usbd_cdc_core.o
    0x20000190   COMPRESSED   0x0000001c   Data   RW         9037    .data               usbd_desc.o
    0x200001ac   COMPRESSED   0x00000030   Data   RW         9038    .data               usbd_desc.o
    0x200001dc   COMPRESSED   0x0000000c   Data   RW         9114    .data               usbd_cdc_vcp.o
    0x200001e8   COMPRESSED   0x00000014   Data   RW         9115    .data               usbd_cdc_vcp.o
    0x200001fc   COMPRESSED   0x00000001   Data   RW         9185    .data               usbd_usr.o
    0x200001fd   COMPRESSED   0x00000003   PAD
    0x20000200   COMPRESSED   0x0000001c   Data   RW         9186    .data               usbd_usr.o
    0x2000021c   COMPRESSED   0x00000004   Data   RW         9545    .data               mc_w.l(stdout.o)
    0x20000220        -       0x000000c9   Zero   RW          527    .bss                usart1.o
    0x200002e9   COMPRESSED   0x00000003   PAD
    0x200002ec        -       0x00000040   Zero   RW         1542    .bss                queue.o
    0x2000032c        -       0x000000c8   Zero   RW         1760    .bss                tasks.o
    0x200003f4        -       0x00000028   Zero   RW         2062    .bss                timers.o
    0x2000041c        -       0x0000c800   Zero   RW         2180    .bss                heap_4.o
    0x2000cc1c        -       0x00000e38   Zero   RW         7193    .bss                uart.o
    0x2000da54        -       0x00004654   Zero   RW         7313    .bss                system.o
    0x200120a8        -       0x00000840   Zero   RW         8900    .bss                usbd_cdc_core.o
    0x200128e8        -       0x000000ff   Zero   RW         9036    .bss                usbd_desc.o
    0x200129e7        -       0x00000190   Zero   RW         9113    .bss                usbd_cdc_vcp.o
    0x20012b77   COMPRESSED   0x00000001   PAD
    0x20012b78        -       0x0000a000   Zero   RW         1359    STACK               startup_stm32f40_41xxx.o


==============================================================================

Image component sizes


      Code (inc. data)   RO Data    RW Data    ZI Data      Debug   Object Name

        28          4          0          4          0        762   debug.o
       184         14          0          4          0       2621   delay.o
         0          0          0          0          0       8020   event_groups.o
         0          0          0          0          0     301788   hc595.o
       464         22          0         24      51200       4691   heap_4.o
       216         10          0          0          0        567   led.o
       136          0          0          0          0       3382   list.o
       324        140         70          0          0      22041   main.o
       152         16          0          0          0       2289   misc_1.o
       754         84          0         12          0      11641   port.o
      1646         18          0          0         64      15705   queue.o
       336         26          0         16          0      12130   sdio_sdcard.o
       344         16          0          0          0       1209   spi.o
        36          8        392          0      40960        860   startup_stm32f40_41xxx.o
       156          0          0          0          0       1859   stm32f4xx_gpio.o
        56          6          0          0          0       3873   stm32f4xx_it.o
       276         40          0         16          0       5620   stm32f4xx_rcc.o
        22          0          0          0          0       2437   stm32f4xx_spi.o
       338          8          0          0          0       4734   stm32f4xx_usart.o
       416        186          0          0      18004       2572   system.o
       276         34          0         20          0       1945   system_stm32f4xx.o
      2234        188          0         60        200      23681   tasks.o
       920         88          0         20         40      18107   timers.o
      1184         68          0          0       3640       8022   uart.o
        80         18          0          1        201       1801   usart1.o
       158         10          0          0          0       2835   usb_bsp.o
      2322         30          0          0          0      23360   usb_core.o
       476          0          0          0          0       6592   usb_dcd.o
      1398         52          0          0          0      10563   usb_dcd_int.o
       648         78          0        151       2112       9700   usbd_cdc_core.o
       428        132          0         32        400       6036   usbd_cdc_vcp.o
       634          4          0         52          0      11552   usbd_core.o
       366        120          0         76        255       7703   usbd_desc.o
       168          0          0          0          0       4836   usbd_ioreq.o
      1432         56          0         16          0      12134   usbd_req.o
       350        262          0         29          0       4562   usbd_usr.o
        76          4          0          0          0        633   w25q64.o

    ----------------------------------------------------------------------
     19068       1742        500        540     117080     562863   Object Totals
         0          0         32          0          0          0   (incl. Generated)
        34          0          6          7          4          0   (incl. Padding)

    ----------------------------------------------------------------------

      Code (inc. data)   RO Data    RW Data    ZI Data      Debug   Library Member Name

        86          0          0          0          0          0   __dczerorl2.o
         0          0          0          0          0          0   entry.o
         0          0          0          0          0          0   entry10a.o
         0          0          0          0          0          0   entry11a.o
         8          4          0          0          0          0   entry2.o
         4          0          0          0          0          0   entry5.o
         0          0          0          0          0          0   entry7b.o
         0          0          0          0          0          0   entry8b.o
         8          4          0          0          0          0   entry9a.o
        30          0          0          0          0          0   handlers.o
        36          8          0          0          0         68   init.o
         0          0          0          0          0          0   iusefp.o
        30          0          0          0          0         68   llshl.o
        36          0          0          0          0         68   llsshr.o
        32          0          0          0          0         68   llushr.o
        36          0          0          0          0         68   memcpya.o
        36          0          0          0          0        108   memseta.o
      2272         96          0          0          0        592   printfa.o
         0          0          0          4          0          0   stdout.o
        14          0          0          0          0         68   strlen.o
        32          0          0          0          0         68   strrchr.o
        44          0          0          0          0         80   uidiv.o
        98          0          0          0          0         92   uldiv.o
        48          0          0          0          0         68   cdrcmple.o
       334          0          0          0          0        148   dadd.o
       222          0          0          0          0        100   ddiv.o
       186          0          0          0          0        176   depilogue.o
        48          0          0          0          0         68   dfixul.o
       228          0          0          0          0         96   dmul.o

    ----------------------------------------------------------------------
      3872        112          0          4          0       2004   Library Totals
         4          0          0          0          0          0   (incl. Padding)

    ----------------------------------------------------------------------

      Code (inc. data)   RO Data    RW Data    ZI Data      Debug   Library Name

      2802        112          0          4          0       1348   mc_w.l
      1066          0          0          0          0        656   mf_w.l

    ----------------------------------------------------------------------
      3872        112          0          4          0       2004   Library Totals

    ----------------------------------------------------------------------

==============================================================================


      Code (inc. data)   RO Data    RW Data    ZI Data      Debug   

     22940       1854        500        544     117080     540211   Grand Totals
     22940       1854        500        248     117080     540211   ELF Image Totals (compressed)
     22940       1854        500        248          0          0   ROM Totals

==============================================================================

    Total RO  Size (Code + RO Data)                23440 (  22.89kB)
    Total RW  Size (RW Data + ZI Data)            117624 ( 114.87kB)
    Total ROM Size (Code + RO Data + RW Data)      23688 (  23.13kB)

==============================================================================

